Archive member included to satisfy reference by file (symbol)

C:/Users/taiko/App/en.st-stm32cubeide_1.17.0_23558_20241125_2245_x86_64.exe/STM32CubeIDE_1.17.0/STM32CubeIDE/plugins/com.st.stm32cube.ide.mcu.externaltools.gnu-tools-for-stm32.13.3.rel1.win32_1.0.0.202411081344/tools/bin/../lib/gcc/arm-none-eabi/13.3.1/../../../../arm-none-eabi/lib/thumb/v7-m/nofp\libc_nano.a(libc_a-exit.o)
                              C:/Users/taiko/App/en.st-stm32cubeide_1.17.0_23558_20241125_2245_x86_64.exe/STM32CubeIDE_1.17.0/STM32CubeIDE/plugins/com.st.stm32cube.ide.mcu.externaltools.gnu-tools-for-stm32.13.3.rel1.win32_1.0.0.202411081344/tools/bin/../lib/gcc/arm-none-eabi/13.3.1/../../../../arm-none-eabi/lib/thumb/v7-m/nofp/crt0.o (exit)
C:/Users/taiko/App/en.st-stm32cubeide_1.17.0_23558_20241125_2245_x86_64.exe/STM32CubeIDE_1.17.0/STM32CubeIDE/plugins/com.st.stm32cube.ide.mcu.externaltools.gnu-tools-for-stm32.13.3.rel1.win32_1.0.0.202411081344/tools/bin/../lib/gcc/arm-none-eabi/13.3.1/../../../../arm-none-eabi/lib/thumb/v7-m/nofp\libc_nano.a(libc_a-findfp.o)
                              C:/Users/taiko/App/en.st-stm32cubeide_1.17.0_23558_20241125_2245_x86_64.exe/STM32CubeIDE_1.17.0/STM32CubeIDE/plugins/com.st.stm32cube.ide.mcu.externaltools.gnu-tools-for-stm32.13.3.rel1.win32_1.0.0.202411081344/tools/bin/../lib/gcc/arm-none-eabi/13.3.1/../../../../arm-none-eabi/lib/thumb/v7-m/nofp\libc_nano.a(libc_a-exit.o) (__stdio_exit_handler)
C:/Users/taiko/App/en.st-stm32cubeide_1.17.0_23558_20241125_2245_x86_64.exe/STM32CubeIDE_1.17.0/STM32CubeIDE/plugins/com.st.stm32cube.ide.mcu.externaltools.gnu-tools-for-stm32.13.3.rel1.win32_1.0.0.202411081344/tools/bin/../lib/gcc/arm-none-eabi/13.3.1/../../../../arm-none-eabi/lib/thumb/v7-m/nofp\libc_nano.a(libc_a-fwalk.o)
                              C:/Users/taiko/App/en.st-stm32cubeide_1.17.0_23558_20241125_2245_x86_64.exe/STM32CubeIDE_1.17.0/STM32CubeIDE/plugins/com.st.stm32cube.ide.mcu.externaltools.gnu-tools-for-stm32.13.3.rel1.win32_1.0.0.202411081344/tools/bin/../lib/gcc/arm-none-eabi/13.3.1/../../../../arm-none-eabi/lib/thumb/v7-m/nofp\libc_nano.a(libc_a-findfp.o) (_fwalk_sglue)
C:/Users/taiko/App/en.st-stm32cubeide_1.17.0_23558_20241125_2245_x86_64.exe/STM32CubeIDE_1.17.0/STM32CubeIDE/plugins/com.st.stm32cube.ide.mcu.externaltools.gnu-tools-for-stm32.13.3.rel1.win32_1.0.0.202411081344/tools/bin/../lib/gcc/arm-none-eabi/13.3.1/../../../../arm-none-eabi/lib/thumb/v7-m/nofp\libc_nano.a(libc_a-stdio.o)
                              C:/Users/taiko/App/en.st-stm32cubeide_1.17.0_23558_20241125_2245_x86_64.exe/STM32CubeIDE_1.17.0/STM32CubeIDE/plugins/com.st.stm32cube.ide.mcu.externaltools.gnu-tools-for-stm32.13.3.rel1.win32_1.0.0.202411081344/tools/bin/../lib/gcc/arm-none-eabi/13.3.1/../../../../arm-none-eabi/lib/thumb/v7-m/nofp\libc_nano.a(libc_a-findfp.o) (__sread)
C:/Users/taiko/App/en.st-stm32cubeide_1.17.0_23558_20241125_2245_x86_64.exe/STM32CubeIDE_1.17.0/STM32CubeIDE/plugins/com.st.stm32cube.ide.mcu.externaltools.gnu-tools-for-stm32.13.3.rel1.win32_1.0.0.202411081344/tools/bin/../lib/gcc/arm-none-eabi/13.3.1/../../../../arm-none-eabi/lib/thumb/v7-m/nofp\libc_nano.a(libc_a-memset.o)
                              C:/Users/taiko/App/en.st-stm32cubeide_1.17.0_23558_20241125_2245_x86_64.exe/STM32CubeIDE_1.17.0/STM32CubeIDE/plugins/com.st.stm32cube.ide.mcu.externaltools.gnu-tools-for-stm32.13.3.rel1.win32_1.0.0.202411081344/tools/bin/../lib/gcc/arm-none-eabi/13.3.1/../../../../arm-none-eabi/lib/thumb/v7-m/nofp/crt0.o (memset)
C:/Users/taiko/App/en.st-stm32cubeide_1.17.0_23558_20241125_2245_x86_64.exe/STM32CubeIDE_1.17.0/STM32CubeIDE/plugins/com.st.stm32cube.ide.mcu.externaltools.gnu-tools-for-stm32.13.3.rel1.win32_1.0.0.202411081344/tools/bin/../lib/gcc/arm-none-eabi/13.3.1/../../../../arm-none-eabi/lib/thumb/v7-m/nofp\libc_nano.a(libc_a-closer.o)
                              C:/Users/taiko/App/en.st-stm32cubeide_1.17.0_23558_20241125_2245_x86_64.exe/STM32CubeIDE_1.17.0/STM32CubeIDE/plugins/com.st.stm32cube.ide.mcu.externaltools.gnu-tools-for-stm32.13.3.rel1.win32_1.0.0.202411081344/tools/bin/../lib/gcc/arm-none-eabi/13.3.1/../../../../arm-none-eabi/lib/thumb/v7-m/nofp\libc_nano.a(libc_a-stdio.o) (_close_r)
C:/Users/taiko/App/en.st-stm32cubeide_1.17.0_23558_20241125_2245_x86_64.exe/STM32CubeIDE_1.17.0/STM32CubeIDE/plugins/com.st.stm32cube.ide.mcu.externaltools.gnu-tools-for-stm32.13.3.rel1.win32_1.0.0.202411081344/tools/bin/../lib/gcc/arm-none-eabi/13.3.1/../../../../arm-none-eabi/lib/thumb/v7-m/nofp\libc_nano.a(libc_a-reent.o)
                              C:/Users/taiko/App/en.st-stm32cubeide_1.17.0_23558_20241125_2245_x86_64.exe/STM32CubeIDE_1.17.0/STM32CubeIDE/plugins/com.st.stm32cube.ide.mcu.externaltools.gnu-tools-for-stm32.13.3.rel1.win32_1.0.0.202411081344/tools/bin/../lib/gcc/arm-none-eabi/13.3.1/../../../../arm-none-eabi/lib/thumb/v7-m/nofp\libc_nano.a(libc_a-closer.o) (errno)
[...]
Memory Configuration

Name             Origin             Length             Attributes
RAM              0x20000000         0x00002800         xrw
FLASH            0x08000000         0x00008000         xr
*default*        0x00000000         0xffffffff

Linker script and memory map

LOAD C:/Users/taiko/App/en.st-stm32cubeide_1.17.0_23558_20241125_2245_x86_64.exe/STM32CubeIDE_1.17.0/STM32CubeIDE/plugins/com.st.stm32cube.ide.mcu.externaltools.gnu-tools-for-stm32.13.3.rel1.win32_1.0.0.202411081344/tools/bin/../lib/gcc/arm-none-eabi/13.3.1/thumb/v7-m/nofp/crti.o
LOAD C:/Users/taiko/App/en.st-stm32cubeide_1.17.0_23558_20241125_2245_x86_64.exe/STM32CubeIDE_1.17.0/STM32CubeIDE/plugins/com.st.stm32cube.ide.mcu.externaltools.gnu-tools-for-stm32.13.3.rel1.win32_1.0.0.202411081344/tools/bin/../lib/gcc/arm-none-eabi/13.3.1/thumb/v7-m/nofp/crtbegin.o
LOAD C:/Users/taiko/App/en.st-stm32cubeide_1.17.0_23558_20241125_2245_x86_64.exe/STM32CubeIDE_1.17.0/STM32CubeIDE/plugins/com.st.stm32cube.ide.mcu.externaltools.gnu-tools-for-stm32.13.3.rel1.win32_1.0.0.202411081344/tools/bin/../lib/gcc/arm-none-eabi/13.3.1/../../../../arm-none-eabi/lib/thumb/v7-m/nofp/crt0.o
LOAD ./Core/Src/button.o
LOAD ./Core/Src/global.o
LOAD ./Core/Src/gpio.o
LOAD ./Core/Src/inout_driver.o
LOAD ./Core/Src/main.o
LOAD ./Core/Src/software_timer.o
LOAD ./Core/Src/stm32f1xx_hal_msp.o
LOAD ./Core/Src/stm32f1xx_it.o
LOAD ./Core/Src/syscalls.o
LOAD ./Core/Src/sysmem.o
LOAD ./Core/Src/system_stm32f1xx.o
LOAD ./Core/Src/tim.o
LOAD ./Core/Startup/startup_stm32f103c6ux.o
LOAD ./Drivers/STM32F1xx_HAL_Driver/Src/stm32f1xx_hal.o
LOAD ./Drivers/STM32F1xx_HAL_Driver/Src/stm32f1xx_hal_cortex.o
LOAD ./Drivers/STM32F1xx_HAL_Driver/Src/stm32f1xx_hal_dma.o
LOAD ./Drivers/STM32F1xx_HAL_Driver/Src/stm32f1xx_hal_exti.o
LOAD ./Drivers/STM32F1xx_HAL_Driver/Src/stm32f1xx_hal_flash.o
LOAD ./Drivers/STM32F1xx_HAL_Driver/Src/stm32f1xx_hal_flash_ex.o
LOAD ./Drivers/STM32F1xx_HAL_Driver/Src/stm32f1xx_hal_gpio.o
LOAD ./Drivers/STM32F1xx_HAL_Driver/Src/stm32f1xx_hal_gpio_ex.o
LOAD ./Drivers/STM32F1xx_HAL_Driver/Src/stm32f1xx_hal_pwr.o
LOAD ./Drivers/STM32F1xx_HAL_Driver/Src/stm32f1xx_hal_rcc.o
LOAD ./Drivers/STM32F1xx_HAL_Driver/Src/stm32f1xx_hal_rcc_ex.o
LOAD ./Drivers/STM32F1xx_HAL_Driver/Src/stm32f1xx_hal_tim.o
LOAD ./Drivers/STM32F1xx_HAL_Driver/Src/stm32f1xx_hal_tim_ex.o
START GROUP
LOAD C:/Users/taiko/App/en.st-stm32cubeide_1.17.0_23558_20241125_2245_x86_64.exe/STM32CubeIDE_1.17.0/STM32CubeIDE/plugins/com.st.stm32cube.ide.mcu.externaltools.gnu-tools-for-stm32.13.3.rel1.win32_1.0.0.202411081344/tools/bin/../lib/gcc/arm-none-eabi/13.3.1/../../../../arm-none-eabi/lib/thumb/v7-m/nofp\libc_nano.a
LOAD C:/Users/taiko/App/en.st-stm32cubeide_1.17.0_23558_20241125_2245_x86_64.exe/STM32CubeIDE_1.17.0/STM32CubeIDE/plugins/com.st.stm32cube.ide.mcu.externaltools.gnu-tools-for-stm32.13.3.rel1.win32_1.0.0.202411081344/tools/bin/../lib/gcc/arm-none-eabi/13.3.1/../../../../arm-none-eabi/lib/thumb/v7-m/nofp\libm.a
END GROUP
START GROUP
LOAD C:/Users/taiko/App/en.st-stm32cubeide_1.17.0_23558_20241125_2245_x86_64.exe/STM32CubeIDE_1.17.0/STM32CubeIDE/plugins/com.st.stm32cube.ide.mcu.externaltools.gnu-tools-for-stm32.13.3.rel1.win32_1.0.0.202411081344/tools/bin/../lib/gcc/arm-none-eabi/13.3.1/thumb/v7-m/nofp\libgcc.a
LOAD C:/Users/taiko/App/en.st-stm32cubeide_1.17.0_23558_20241125_2245_x86_64.exe/STM32CubeIDE_1.17.0/STM32CubeIDE/plugins/com.st.stm32cube.ide.mcu.externaltools.gnu-tools-for-stm32.13.3.rel1.win32_1.0.0.202411081344/tools/bin/../lib/gcc/arm-none-eabi/13.3.1/../../../../arm-none-eabi/lib/thumb/v7-m/nofp\libc_nano.a
END GROUP
START GROUP
LOAD C:/Users/taiko/App/en.st-stm32cubeide_1.17.0_23558_20241125_2245_x86_64.exe/STM32CubeIDE_1.17.0/STM32CubeIDE/plugins/com.st.stm32cube.ide.mcu.externaltools.gnu-tools-for-stm32.13.3.rel1.win32_1.0.0.202411081344/tools/bin/../lib/gcc/arm-none-eabi/13.3.1/thumb/v7-m/nofp\libgcc.a
LOAD C:/Users/taiko/App/en.st-stm32cubeide_1.17.0_23558_20241125_2245_x86_64.exe/STM32CubeIDE_1.17.0/STM32CubeIDE/plugins/com.st.stm32cube.ide.mcu.externaltools.gnu-tools-for-stm32.13.3.rel1.win32_1.0.0.202411081344/tools/bin/../lib/gcc/arm-none-eabi/13.3.1/../../../../arm-none-eabi/lib/thumb/v7-m/nofp\libc_nano.a
LOAD C:/Users/taiko/App/en.st-stm32cubeide_1.17.0_23558_20241125_2245_x86_64.exe/STM32CubeIDE_1.17.0/STM32CubeIDE/plugins/com.st.stm32cube.ide.mcu.externaltools.gnu-tools-for-stm32.13.3.rel1.win32_1.0.0.202411081344/tools/bin/../lib/gcc/arm-none-eabi/13.3.1/../../../../arm-none-eabi/lib/thumb/v7-m/nofp\libnosys.a
END GROUP
START GROUP
LOAD C:/Users/taiko/App/en.st-stm32cubeide_1.17.0_23558_20241125_2245_x86_64.exe/STM32CubeIDE_1.17.0/STM32CubeIDE/plugins/com.st.stm32cube.ide.mcu.externaltools.gnu-tools-for-stm32.13.3.rel1.win32_1.0.0.202411081344/tools/bin/../lib/gcc/arm-none-eabi/13.3.1/thumb/v7-m/nofp\libgcc.a
LOAD C:/Users/taiko/App/en.st-stm32cubeide_1.17.0_23558_20241125_2245_x86_64.exe/STM32CubeIDE_1.17.0/STM32CubeIDE/plugins/com.st.stm32cube.ide.mcu.externaltools.gnu-tools-for-stm32.13.3.rel1.win32_1.0.0.202411081344/tools/bin/../lib/gcc/arm-none-eabi/13.3.1/../../../../arm-none-eabi/lib/thumb/v7-m/nofp\libc_nano.a
LOAD C:/Users/taiko/App/en.st-stm32cubeide_1.17.0_23558_20241125_2245_x86_64.exe/STM32CubeIDE_1.17.0/STM32CubeIDE/plugins/com.st.stm32cube.ide.mcu.externaltools.gnu-tools-for-stm32.13.3.rel1.win32_1.0.0.202411081344/tools/bin/../lib/gcc/arm-none-eabi/13.3.1/../../../../arm-none-eabi/lib/thumb/v7-m/nofp\libnosys.a
END GROUP
LOAD C:/Users/taiko/App/en.st-stm32cubeide_1.17.0_23558_20241125_2245_x86_64.exe/STM32CubeIDE_1.17.0/STM32CubeIDE/plugins/com.st.stm32cube.ide.mcu.externaltools.gnu-tools-for-stm32.13.3.rel1.win32_1.0.0.202411081344/tools/bin/../lib/gcc/arm-none-eabi/13.3.1/thumb/v7-m/nofp/crtend.o
LOAD C:/Users/taiko/App/en.st-stm32cubeide_1.17.0_23558_20241125_2245_x86_64.exe/STM32CubeIDE_1.17.0/STM32CubeIDE/plugins/com.st.stm32cube.ide.mcu.externaltools.gnu-tools-for-stm32.13.3.rel1.win32_1.0.0.202411081344/tools/bin/../lib/gcc/arm-none-eabi/13.3.1/thumb/v7-m/nofp/crtn.o
                0x20002800                        _estack = (ORIGIN (RAM) + LENGTH (RAM))
                0x00000200                        _Min_Heap_Size = 0x200
                0x00000400                        _Min_Stack_Size = 0x400

.isr_vector     0x08000000      0x10c
                0x08000000                        . = ALIGN (0x4)
 *(.isr_vector)
 .isr_vector    0x08000000      0x10c ./Core/Startup/startup_stm32f103c6ux.o
                0x08000000                g_pfnVectors
                0x0800010c                        . = ALIGN (0x4)

.text           0x0800010c     0x2b58
                0x0800010c                        . = ALIGN (0x4)
 *(.text)
 .text          0x0800010c       0x40 C:/Users/taiko/App/en.st-stm32cubeide_1.17.0_23558_20241125_2245_x86_64.exe/STM32CubeIDE_1.17.0/STM32CubeIDE/plugins/com.st.stm32cube.ide.mcu.externaltools.gnu-tools-for-stm32.13.3.rel1.win32_1.0.0.202411081344/tools/bin/../lib/gcc/arm-none-eabi/13.3.1/thumb/v7-m/nofp/crtbegin.o
 *(.text*)
 .text.button_reading
                0x0800014c       0xfc ./Core/Src/button.o
                0x0800014c                button_reading
 .text.is_button_pressed_one
                0x08000248       0x5c ./Core/Src/button.o
                0x08000248                is_button_pressed_one
 .text.is_button_pressed_500ms
                0x080002a4       0x34 ./Core/Src/button.o
                0x080002a4                is_button_pressed_500ms
 .text.MX_GPIO_Init
                0x080002d8       0xc8 ./Core/Src/gpio.o
                0x080002d8                MX_GPIO_Init
 .text.read_long_pressed
                0x080003a0       0x30 ./Core/Src/inout_driver.o
                0x080003a0                read_long_pressed
 .text.main_fsm
                0x080003d0      0x440 ./Core/Src/inout_driver.o
                0x080003d0                main_fsm
 .text.trafic_led_YELLOW
                0x08000810       0x24 ./Core/Src/inout_driver.o
                0x08000810                trafic_led_YELLOW
 .text.trafic_led_RED
                0x08000834       0x24 ./Core/Src/inout_driver.o
                0x08000834                trafic_led_RED
 .text.trafic_led_GREEN
                0x08000858       0x24 ./Core/Src/inout_driver.o
                0x08000858                trafic_led_GREEN
 .text.trafic_led_GR
                0x0800087c       0x24 ./Core/Src/inout_driver.o
                0x0800087c                trafic_led_GR
 .text.trafic_led_YR
                0x080008a0       0x24 ./Core/Src/inout_driver.o
                0x080008a0                trafic_led_YR
 .text.trafic_led_RG
                0x080008c4       0x24 ./Core/Src/inout_driver.o
                0x080008c4                trafic_led_RG
 .text.trafic_led_RY
                0x080008e8       0x24 ./Core/Src/inout_driver.o
                0x080008e8                trafic_led_RY
 .text.turn_off_seg1
                0x0800090c       0x18 ./Core/Src/inout_driver.o
                0x0800090c                turn_off_seg1
 .text.turn_off_seg2
                0x08000924       0x18 ./Core/Src/inout_driver.o
                0x08000924                turn_off_seg2
 .text.led_fsm  0x0800093c      0x3fc ./Core/Src/inout_driver.o
                0x0800093c                led_fsm
 .text.display_seg1
                0x08000d38       0xd8 ./Core/Src/inout_driver.o
                0x08000d38                display_seg1
 .text.display_seg2
                0x08000e10       0xf4 ./Core/Src/inout_driver.o
                0x08000e10                display_seg2
 .text.main     0x08000f04      0x208 ./Core/Src/main.o
                0x08000f04                main
 .text.SystemClock_Config
                0x0800110c       0x76 ./Core/Src/main.o
                0x0800110c                SystemClock_Config
 .text.Error_Handler
                0x08001182        0xc ./Core/Src/main.o
                0x08001182                Error_Handler
 *fill*         0x0800118e        0x2 
 .text.timer_arr_add
                0x08001190       0xc0 ./Core/Src/software_timer.o
                0x08001190                timer_arr_add
 .text.timer_arr_pop
                0x08001250       0x80 ./Core/Src/software_timer.o
                0x08001250                timer_arr_pop
 .text.Check_timer
                0x080012d0       0x34 ./Core/Src/software_timer.o
                0x080012d0                Check_timer
 .text.timer_isr
                0x08001304       0x1c ./Core/Src/software_timer.o
                0x08001304                timer_isr
 .text.TimerExpired
                0x08001320       0x34 ./Core/Src/software_timer.o
                0x08001320                TimerExpired
 .text.set_timer_1
                0x08001354       0x34 ./Core/Src/software_timer.o
                0x08001354                set_timer_1
 .text.set_timer_init
                0x08001388       0x34 ./Core/Src/software_timer.o
                0x08001388                set_timer_init
 .text.set_timer
                0x080013bc       0x34 ./Core/Src/software_timer.o
                0x080013bc                set_timer
 .text.HAL_TIM_PeriodElapsedCallback
                0x080013f0       0x1e ./Core/Src/software_timer.o
                0x080013f0                HAL_TIM_PeriodElapsedCallback
 *fill*         0x0800140e        0x2 
 .text.HAL_MspInit
                0x08001410       0x64 ./Core/Src/stm32f1xx_hal_msp.o
                0x08001410                HAL_MspInit
 .text.NMI_Handler
                0x08001474        0x8 ./Core/Src/stm32f1xx_it.o
                0x08001474                NMI_Handler
 .text.HardFault_Handler
                0x0800147c        0x8 ./Core/Src/stm32f1xx_it.o
                0x0800147c                HardFault_Handler
 .text.MemManage_Handler
                0x08001484        0x8 ./Core/Src/stm32f1xx_it.o
                0x08001484                MemManage_Handler
 .text.BusFault_Handler
                0x0800148c        0x8 ./Core/Src/stm32f1xx_it.o
                0x0800148c                BusFault_Handler
 .text.UsageFault_Handler
                0x08001494        0x8 ./Core/Src/stm32f1xx_it.o
                0x08001494                UsageFault_Handler
 .text.SVC_Handler
                0x0800149c        0xc ./Core/Src/stm32f1xx_it.o
                0x0800149c                SVC_Handler
 .text.DebugMon_Handler
                0x080014a8        0xc ./Core/Src/stm32f1xx_it.o
                0x080014a8                DebugMon_Handler
 .text.PendSV_Handler
                0x080014b4        0xc ./Core/Src/stm32f1xx_it.o
                0x080014b4                PendSV_Handler
 .text.SysTick_Handler
                0x080014c0        0xc ./Core/Src/stm32f1xx_it.o
                0x080014c0                SysTick_Handler
 .text.TIM2_IRQHandler
                0x080014cc       0x14 ./Core/Src/stm32f1xx_it.o
                0x080014cc                TIM2_IRQHandler
 .text.SystemInit
                0x080014e0        0xc ./Core/Src/system_stm32f1xx.o
                0x080014e0                SystemInit
 .text.MX_TIM2_Init
                0x080014ec       0x98 ./Core/Src/tim.o
                0x080014ec                MX_TIM2_Init
 .text.HAL_TIM_Base_MspInit
                0x08001584       0x48 ./Core/Src/tim.o
                0x08001584                HAL_TIM_Base_MspInit
 .text.Reset_Handler
                0x080015cc       0x48 ./Core/Startup/startup_stm32f103c6ux.o
                0x080015cc                Reset_Handler
 .text.Default_Handler
                0x08001614        0x2 ./Core/Startup/startup_stm32f103c6ux.o
                0x08001614                RTC_Alarm_IRQHandler
                0x08001614                EXTI2_IRQHandler
                0x08001614                TIM1_CC_IRQHandler
                0x08001614                PVD_IRQHandler
                0x08001614                EXTI3_IRQHandler
                0x08001614                EXTI0_IRQHandler
                0x08001614                ADC1_2_IRQHandler
                0x08001614                SPI1_IRQHandler
                0x08001614                TAMPER_IRQHandler
                0x08001614                DMA1_Channel4_IRQHandler
                0x08001614                RTC_IRQHandler
                0x08001614                DMA1_Channel7_IRQHandler
                0x08001614                CAN1_RX1_IRQHandler
                0x08001614                I2C1_EV_IRQHandler
                0x08001614                DMA1_Channel6_IRQHandler
                0x08001614                TIM3_IRQHandler
                0x08001614                RCC_IRQHandler
                0x08001614                TIM1_TRG_COM_IRQHandler
                0x08001614                DMA1_Channel1_IRQHandler
                0x08001614                Default_Handler
                0x08001614                EXTI15_10_IRQHandler
                0x08001614                EXTI9_5_IRQHandler
                0x08001614                DMA1_Channel5_IRQHandler
                0x08001614                EXTI4_IRQHandler
                0x08001614                USB_LP_CAN1_RX0_IRQHandler
                0x08001614                USB_HP_CAN1_TX_IRQHandler
                0x08001614                DMA1_Channel3_IRQHandler
                0x08001614                TIM1_UP_IRQHandler
                0x08001614                WWDG_IRQHandler
                0x08001614                TIM1_BRK_IRQHandler
                0x08001614                EXTI1_IRQHandler
                0x08001614                USART2_IRQHandler
                0x08001614                DMA1_Channel2_IRQHandler
                0x08001614                CAN1_SCE_IRQHandler
                0x08001614                FLASH_IRQHandler
                0x08001614                USART1_IRQHandler
                0x08001614                I2C1_ER_IRQHandler
                0x08001614                USBWakeUp_IRQHandler
 *fill*         0x08001616        0x2 
 .text.HAL_Init
                0x08001618       0x2c ./Drivers/STM32F1xx_HAL_Driver/Src/stm32f1xx_hal.o
                0x08001618                HAL_Init
 .text.HAL_InitTick
                0x08001644       0x60 ./Drivers/STM32F1xx_HAL_Driver/Src/stm32f1xx_hal.o
                0x08001644                HAL_InitTick
 .text.HAL_IncTick
                0x080016a4       0x24 ./Drivers/STM32F1xx_HAL_Driver/Src/stm32f1xx_hal.o
                0x080016a4                HAL_IncTick
 .text.HAL_GetTick
                0x080016c8       0x14 ./Drivers/STM32F1xx_HAL_Driver/Src/stm32f1xx_hal.o
                0x080016c8                HAL_GetTick
 .text.__NVIC_SetPriorityGrouping
                0x080016dc       0x48 ./Drivers/STM32F1xx_HAL_Driver/Src/stm32f1xx_hal_cortex.o
 .text.__NVIC_GetPriorityGrouping
                0x08001724       0x1c ./Drivers/STM32F1xx_HAL_Driver/Src/stm32f1xx_hal_cortex.o
 .text.__NVIC_EnableIRQ
                0x08001740       0x38 ./Drivers/STM32F1xx_HAL_Driver/Src/stm32f1xx_hal_cortex.o
 .text.__NVIC_SetPriority
                0x08001778       0x54 ./Drivers/STM32F1xx_HAL_Driver/Src/stm32f1xx_hal_cortex.o
 .text.NVIC_EncodePriority
                0x080017cc       0x64 ./Drivers/STM32F1xx_HAL_Driver/Src/stm32f1xx_hal_cortex.o
 .text.SysTick_Config
                0x08001830       0x44 ./Drivers/STM32F1xx_HAL_Driver/Src/stm32f1xx_hal_cortex.o
 .text.HAL_NVIC_SetPriorityGrouping
                0x08001874       0x16 ./Drivers/STM32F1xx_HAL_Driver/Src/stm32f1xx_hal_cortex.o
                0x08001874                HAL_NVIC_SetPriorityGrouping
 .text.HAL_NVIC_SetPriority
                0x0800188a       0x38 ./Drivers/STM32F1xx_HAL_Driver/Src/stm32f1xx_hal_cortex.o
                0x0800188a                HAL_NVIC_SetPriority
 .text.HAL_NVIC_EnableIRQ
                0x080018c2       0x1c ./Drivers/STM32F1xx_HAL_Driver/Src/stm32f1xx_hal_cortex.o
                0x080018c2                HAL_NVIC_EnableIRQ
 .text.HAL_SYSTICK_Config
                0x080018de       0x18 ./Drivers/STM32F1xx_HAL_Driver/Src/stm32f1xx_hal_cortex.o
                0x080018de                HAL_SYSTICK_Config
 *fill*         0x080018f6        0x2 
 .text.HAL_GPIO_Init
                0x080018f8      0x2f8 ./Drivers/STM32F1xx_HAL_Driver/Src/stm32f1xx_hal_gpio.o
                0x080018f8                HAL_GPIO_Init
 .text.HAL_GPIO_ReadPin
                0x08001bf0       0x2e ./Drivers/STM32F1xx_HAL_Driver/Src/stm32f1xx_hal_gpio.o
                0x08001bf0                HAL_GPIO_ReadPin
 .text.HAL_GPIO_WritePin
                0x08001c1e       0x30 ./Drivers/STM32F1xx_HAL_Driver/Src/stm32f1xx_hal_gpio.o
                0x08001c1e                HAL_GPIO_WritePin
 .text.HAL_GPIO_TogglePin
                0x08001c4e       0x32 ./Drivers/STM32F1xx_HAL_Driver/Src/stm32f1xx_hal_gpio.o
                0x08001c4e                HAL_GPIO_TogglePin
 .text.HAL_RCC_OscConfig
                0x08001c80      0x504 ./Drivers/STM32F1xx_HAL_Driver/Src/stm32f1xx_hal_rcc.o
                0x08001c80                HAL_RCC_OscConfig
 .text.HAL_RCC_ClockConfig
                0x08002184      0x1d4 ./Drivers/STM32F1xx_HAL_Driver/Src/stm32f1xx_hal_rcc.o
                0x08002184                HAL_RCC_ClockConfig
 .text.HAL_RCC_GetSysClockFreq
                0x08002358       0xa8 ./Drivers/STM32F1xx_HAL_Driver/Src/stm32f1xx_hal_rcc.o
                0x08002358                HAL_RCC_GetSysClockFreq
 .text.RCC_Delay
                0x08002400       0x3c ./Drivers/STM32F1xx_HAL_Driver/Src/stm32f1xx_hal_rcc.o
 .text.HAL_TIM_Base_Init
                0x0800243c       0x9e ./Drivers/STM32F1xx_HAL_Driver/Src/stm32f1xx_hal_tim.o
                0x0800243c                HAL_TIM_Base_Init
 *fill*         0x080024da        0x2 
 .text.HAL_TIM_Base_Start_IT
                0x080024dc       0x98 ./Drivers/STM32F1xx_HAL_Driver/Src/stm32f1xx_hal_tim.o
                0x080024dc                HAL_TIM_Base_Start_IT
 .text.HAL_TIM_IRQHandler
                0x08002574      0x1e0 ./Drivers/STM32F1xx_HAL_Driver/Src/stm32f1xx_hal_tim.o
                0x08002574                HAL_TIM_IRQHandler
 .text.HAL_TIM_ConfigClockSource
                0x08002754      0x18e ./Drivers/STM32F1xx_HAL_Driver/Src/stm32f1xx_hal_tim.o
                0x08002754                HAL_TIM_ConfigClockSource
 .text.HAL_TIM_OC_DelayElapsedCallback
                0x080028e2       0x12 ./Drivers/STM32F1xx_HAL_Driver/Src/stm32f1xx_hal_tim.o
                0x080028e2                HAL_TIM_OC_DelayElapsedCallback
 .text.HAL_TIM_IC_CaptureCallback
                0x080028f4       0x12 ./Drivers/STM32F1xx_HAL_Driver/Src/stm32f1xx_hal_tim.o
                0x080028f4                HAL_TIM_IC_CaptureCallback
 .text.HAL_TIM_PWM_PulseFinishedCallback
                0x08002906       0x12 ./Drivers/STM32F1xx_HAL_Driver/Src/stm32f1xx_hal_tim.o
                0x08002906                HAL_TIM_PWM_PulseFinishedCallback
 .text.HAL_TIM_TriggerCallback
                0x08002918       0x12 ./Drivers/STM32F1xx_HAL_Driver/Src/stm32f1xx_hal_tim.o
                0x08002918                HAL_TIM_TriggerCallback
 *fill*         0x0800292a        0x2 
 .text.TIM_Base_SetConfig
                0x0800292c       0xc8 ./Drivers/STM32F1xx_HAL_Driver/Src/stm32f1xx_hal_tim.o
                0x0800292c                TIM_Base_SetConfig
 .text.TIM_TI1_ConfigInputStage
                0x080029f4       0x5c ./Drivers/STM32F1xx_HAL_Driver/Src/stm32f1xx_hal_tim.o
 .text.TIM_TI2_ConfigInputStage
                0x08002a50       0x5e ./Drivers/STM32F1xx_HAL_Driver/Src/stm32f1xx_hal_tim.o
 .text.TIM_ITRx_SetConfig
                0x08002aae       0x34 ./Drivers/STM32F1xx_HAL_Driver/Src/stm32f1xx_hal_tim.o
 .text.TIM_ETR_SetConfig
                0x08002ae2       0x3e ./Drivers/STM32F1xx_HAL_Driver/Src/stm32f1xx_hal_tim.o
                0x08002ae2                TIM_ETR_SetConfig
 .text.HAL_TIMEx_MasterConfigSynchronization
                0x08002b20       0xb0 ./Drivers/STM32F1xx_HAL_Driver/Src/stm32f1xx_hal_tim_ex.o
                0x08002b20                HAL_TIMEx_MasterConfigSynchronization
 .text.HAL_TIMEx_CommutCallback
                0x08002bd0       0x12 ./Drivers/STM32F1xx_HAL_Driver/Src/stm32f1xx_hal_tim_ex.o
                0x08002bd0                HAL_TIMEx_CommutCallback
 .text.HAL_TIMEx_BreakCallback
                0x08002be2       0x12 ./Drivers/STM32F1xx_HAL_Driver/Src/stm32f1xx_hal_tim_ex.o
                0x08002be2                HAL_TIMEx_BreakCallback
 .text.memset   0x08002bf4       0x10 C:/Users/taiko/App/en.st-stm32cubeide_1.17.0_23558_20241125_2245_x86_64.exe/STM32CubeIDE_1.17.0/STM32CubeIDE/plugins/com.st.stm32cube.ide.mcu.externaltools.gnu-tools-for-stm32.13.3.rel1.win32_1.0.0.202411081344/tools/bin/../lib/gcc/arm-none-eabi/13.3.1/../../../../arm-none-eabi/lib/thumb/v7-m/nofp\libc_nano.a(libc_a-memset.o)
                0x08002bf4                memset
 .text.__libc_init_array
                0x08002c04       0x48 C:/Users/taiko/App/en.st-stm32cubeide_1.17.0_23558_20241125_2245_x86_64.exe/STM32CubeIDE_1.17.0/STM32CubeIDE/plugins/com.st.stm32cube.ide.mcu.externaltools.gnu-tools-for-stm32.13.3.rel1.win32_1.0.0.202411081344/tools/bin/../lib/gcc/arm-none-eabi/13.3.1/../../../../arm-none-eabi/lib/thumb/v7-m/nofp\libc_nano.a(libc_a-init.o)
                0x08002c04                __libc_init_array
 *(.glue_7)
 .glue_7        0x08002c4c        0x0 linker stubs
 *(.glue_7t)
 .glue_7t       0x08002c4c        0x0 linker stubs
 *(.eh_frame)
 .eh_frame      0x08002c4c        0x0 C:/Users/taiko/App/en.st-stm32cubeide_1.17.0_23558_20241125_2245_x86_64.exe/STM32CubeIDE_1.17.0/STM32CubeIDE/plugins/com.st.stm32cube.ide.mcu.externaltools.gnu-tools-for-stm32.13.3.rel1.win32_1.0.0.202411081344/tools/bin/../lib/gcc/arm-none-eabi/13.3.1/thumb/v7-m/nofp/crtbegin.o
 *(.init)
 .init          0x08002c4c        0x4 C:/Users/taiko/App/en.st-stm32cubeide_1.17.0_23558_20241125_2245_x86_64.exe/STM32CubeIDE_1.17.0/STM32CubeIDE/plugins/com.st.stm32cube.ide.mcu.externaltools.gnu-tools-for-stm32.13.3.rel1.win32_1.0.0.202411081344/tools/bin/../lib/gcc/arm-none-eabi/13.3.1/thumb/v7-m/nofp/crti.o
                0x08002c4c                _init
 .init          0x08002c50        0x8 C:/Users/taiko/App/en.st-stm32cubeide_1.17.0_23558_20241125_2245_x86_64.exe/STM32CubeIDE_1.17.0/STM32CubeIDE/plugins/com.st.stm32cube.ide.mcu.externaltools.gnu-tools-for-stm32.13.3.rel1.win32_1.0.0.202411081344/tools/bin/../lib/gcc/arm-none-eabi/13.3.1/thumb/v7-m/nofp/crtn.o
 *(.fini)
 .fini          0x08002c58        0x4 C:/Users/taiko/App/en.st-stm32cubeide_1.17.0_23558_20241125_2245_x86_64.exe/STM32CubeIDE_1.17.0/STM32CubeIDE/plugins/com.st.stm32cube.ide.mcu.externaltools.gnu-tools-for-stm32.13.3.rel1.win32_1.0.0.202411081344/tools/bin/../lib/gcc/arm-none-eabi/13.3.1/thumb/v7-m/nofp/crti.o
                0x08002c58                _fini
 .fini          0x08002c5c        0x8 C:/Users/taiko/App/en.st-stm32cubeide_1.17.0_23558_20241125_2245_x86_64.exe/STM32CubeIDE_1.17.0/STM32CubeIDE/plugins/com.st.stm32cube.ide.mcu.externaltools.gnu-tools-for-stm32.13.3.rel1.win32_1.0.0.202411081344/tools/bin/../lib/gcc/arm-none-eabi/13.3.1/thumb/v7-m/nofp/crtn.o
                0x08002c64                        . = ALIGN (0x4)
                0x08002c64                        _etext = .

.vfp11_veneer   0x08002c64        0x0
 .vfp11_veneer  0x08002c64        0x0 linker stubs

.v4_bx          0x08002c64        0x0
 .v4_bx         0x08002c64        0x0 linker stubs

.iplt           0x08002c64        0x0
 .iplt          0x08002c64        0x0 C:/Users/taiko/App/en.st-stm32cubeide_1.17.0_23558_20241125_2245_x86_64.exe/STM32CubeIDE_1.17.0/STM32CubeIDE/plugins/com.st.stm32cube.ide.mcu.externaltools.gnu-tools-for-stm32.13.3.rel1.win32_1.0.0.202411081344/tools/bin/../lib/gcc/arm-none-eabi/13.3.1/thumb/v7-m/nofp/crtbegin.o

.rodata         0x08002c64       0x24
                0x08002c64                        . = ALIGN (0x4)
 *(.rodata)
 *(.rodata*)
 .rodata.AHBPrescTable
                0x08002c64       0x10 ./Core/Src/system_stm32f1xx.o
                0x08002c64                AHBPrescTable
 .rodata.aPLLMULFactorTable.1
                0x08002c74       0x10 ./Drivers/STM32F1xx_HAL_Driver/Src/stm32f1xx_hal_rcc.o
 .rodata.aPredivFactorTable.0
                0x08002c84        0x2 ./Drivers/STM32F1xx_HAL_Driver/Src/stm32f1xx_hal_rcc.o
                0x08002c88                        . = ALIGN (0x4)
 *fill*         0x08002c86        0x2 

.ARM.extab      0x08002c88        0x0
                0x08002c88                        . = ALIGN (0x4)
 *(.ARM.extab* .gnu.linkonce.armextab.*)
                0x08002c88                        . = ALIGN (0x4)

.ARM            0x08002c88        0x0
                0x08002c88                        . = ALIGN (0x4)
                0x08002c88                        __exidx_start = .
 *(.ARM.exidx*)
                0x08002c88                        __exidx_end = .
                0x08002c88                        . = ALIGN (0x4)

.preinit_array  0x08002c88        0x0
                0x08002c88                        . = ALIGN (0x4)
                0x08002c88                        PROVIDE (__preinit_array_start = .)
 *(.preinit_array*)
                0x08002c88                        PROVIDE (__preinit_array_end = .)
                0x08002c88                        . = ALIGN (0x4)

.init_array     0x08002c88        0x4
                0x08002c88                        . = ALIGN (0x4)
                0x08002c88                        PROVIDE (__init_array_start = .)
 *(SORT_BY_NAME(.init_array.*))
 *(.init_array*)
 .init_array    0x08002c88        0x4 C:/Users/taiko/App/en.st-stm32cubeide_1.17.0_23558_20241125_2245_x86_64.exe/STM32CubeIDE_1.17.0/STM32CubeIDE/plugins/com.st.stm32cube.ide.mcu.externaltools.gnu-tools-for-stm32.13.3.rel1.win32_1.0.0.202411081344/tools/bin/../lib/gcc/arm-none-eabi/13.3.1/thumb/v7-m/nofp/crtbegin.o
                0x08002c8c                        PROVIDE (__init_array_end = .)
                0x08002c8c                        . = ALIGN (0x4)

.fini_array     0x08002c8c        0x4
                0x08002c8c                        . = ALIGN (0x4)
                [!provide]                        PROVIDE (__fini_array_start = .)
 *(SORT_BY_NAME(.fini_array.*))
 *(.fini_array*)
 .fini_array    0x08002c8c        0x4 C:/Users/taiko/App/en.st-stm32cubeide_1.17.0_23558_20241125_2245_x86_64.exe/STM32CubeIDE_1.17.0/STM32CubeIDE/plugins/com.st.stm32cube.ide.mcu.externaltools.gnu-tools-for-stm32.13.3.rel1.win32_1.0.0.202411081344/tools/bin/../lib/gcc/arm-none-eabi/13.3.1/thumb/v7-m/nofp/crtbegin.o
                [!provide]                        PROVIDE (__fini_array_end = .)
                0x08002c90                        . = ALIGN (0x4)
                0x08002c90                        _sidata = LOADADDR (.data)

.rel.dyn        0x08002c90        0x0
 .rel.iplt      0x08002c90        0x0 C:/Users/taiko/App/en.st-stm32cubeide_1.17.0_23558_20241125_2245_x86_64.exe/STM32CubeIDE_1.17.0/STM32CubeIDE/plugins/com.st.stm32cube.ide.mcu.externaltools.gnu-tools-for-stm32.13.3.rel1.win32_1.0.0.202411081344/tools/bin/../lib/gcc/arm-none-eabi/13.3.1/thumb/v7-m/nofp/crtbegin.o

.data           0x20000000       0x48 load address 0x08002c90
                0x20000000                        . = ALIGN (0x4)
                0x20000000                        _sdata = .
 *(.data)
 *(.data*)
 .data.But_Buffer
                0x20000000        0x3 ./Core/Src/button.o
 *fill*         0x20000003        0x1 
 .data.But_DB_Buffer0
                0x20000004        0x3 ./Core/Src/button.o
 *fill*         0x20000007        0x1 
 .data.But_DB_Buffer1
                0x20000008        0x3 ./Core/Src/button.o
 *fill*         0x2000000b        0x1 
 .data.But_DB_Buffer2
                0x2000000c        0x3 ./Core/Src/button.o
 *fill*         0x2000000f        0x1 
 .data.LP_But_Buffer
                0x20000010        0x3 ./Core/Src/button.o
 *fill*         0x20000013        0x1 
 .data.But_Port_arr
                0x20000014        0xc ./Core/Src/button.o
                0x20000014                But_Port_arr
 .data.But_Pin_arr
                0x20000020        0x6 ./Core/Src/button.o
                0x20000020                But_Pin_arr
 *fill*         0x20000026        0x2 
 .data.led7_table
                0x20000028       0x14 ./Core/Src/inout_driver.o
                0x20000028                led7_table
 .data.SystemCoreClock
                0x2000003c        0x4 ./Core/Src/system_stm32f1xx.o
                0x2000003c                SystemCoreClock
 .data.uwTickPrio
                0x20000040        0x4 ./Drivers/STM32F1xx_HAL_Driver/Src/stm32f1xx_hal.o
                0x20000040                uwTickPrio
 .data.uwTickFreq
                0x20000044        0x1 ./Drivers/STM32F1xx_HAL_Driver/Src/stm32f1xx_hal.o
                0x20000044                uwTickFreq
 *(.RamFunc)
 *(.RamFunc*)
                0x20000048                        . = ALIGN (0x4)
 *fill*         0x20000045        0x3 
                0x20000048                        _edata = .

.igot.plt       0x20000048        0x0 load address 0x08002cd8
 .igot.plt      0x20000048        0x0 C:/Users/taiko/App/en.st-stm32cubeide_1.17.0_23558_20241125_2245_x86_64.exe/STM32CubeIDE_1.17.0/STM32CubeIDE/plugins/com.st.stm32cube.ide.mcu.externaltools.gnu-tools-for-stm32.13.3.rel1.win32_1.0.0.202411081344/tools/bin/../lib/gcc/arm-none-eabi/13.3.1/thumb/v7-m/nofp/crtbegin.o
                0x20000048                        . = ALIGN (0x4)

.bss            0x20000048      0x158 load address 0x08002cd8
                0x20000048                        _sbss = .
                0x20000048                        __bss_start__ = _sbss
 *(.bss)
 .bss           0x20000048       0x1c C:/Users/taiko/App/en.st-stm32cubeide_1.17.0_23558_20241125_2245_x86_64.exe/STM32CubeIDE_1.17.0/STM32CubeIDE/plugins/com.st.stm32cube.ide.mcu.externaltools.gnu-tools-for-stm32.13.3.rel1.win32_1.0.0.202411081344/tools/bin/../lib/gcc/arm-none-eabi/13.3.1/thumb/v7-m/nofp/crtbegin.o
 *(.bss*)
 .bss.But_Buffer_age
                0x20000064        0x3 ./Core/Src/button.o
                0x20000064                But_Buffer_age
 *fill*         0x20000067        0x1 
 .bss.LP_But_Counter
                0x20000068        0x6 ./Core/Src/button.o
 .bss.fsm_state
                0x2000006e        0x1 ./Core/Src/global.o
                0x2000006e                fsm_state
 .bss.led_state
                0x2000006f        0x1 ./Core/Src/global.o
                0x2000006f                led_state
 .bss.L1_red_time
                0x20000070        0x1 ./Core/Src/global.o
                0x20000070                L1_red_time
 .bss.L1_yellow_time
                0x20000071        0x1 ./Core/Src/global.o
                0x20000071                L1_yellow_time
 .bss.L1_green_time
                0x20000072        0x1 ./Core/Src/global.o
                0x20000072                L1_green_time
 .bss.seg1_val  0x20000073        0x1 ./Core/Src/global.o
                0x20000073                seg1_val
 .bss.seg1_state
                0x20000074        0x1 ./Core/Src/global.o
                0x20000074                seg1_state
 .bss.L2_red_time
                0x20000075        0x1 ./Core/Src/global.o
                0x20000075                L2_red_time
 .bss.L2_yellow_time
                0x20000076        0x1 ./Core/Src/global.o
                0x20000076                L2_yellow_time
 .bss.L2_green_time
                0x20000077        0x1 ./Core/Src/global.o
                0x20000077                L2_green_time
 .bss.seg2_val  0x20000078        0x1 ./Core/Src/global.o
                0x20000078                seg2_val
 .bss.seg2_state
                0x20000079        0x1 ./Core/Src/global.o
                0x20000079                seg2_state
 .bss.L1_red_time_tmp
                0x2000007a        0x1 ./Core/Src/global.o
                0x2000007a                L1_red_time_tmp
 .bss.L1_yellow_time_tmp
                0x2000007b        0x1 ./Core/Src/global.o
                0x2000007b                L1_yellow_time_tmp
 .bss.L1_green_time_tmp
                0x2000007c        0x1 ./Core/Src/global.o
                0x2000007c                L1_green_time_tmp
 *fill*         0x2000007d        0x1 
 .bss.led_cnt   0x2000007e        0x2 ./Core/Src/inout_driver.o
                0x2000007e                led_cnt
 .bss.long_pressed_buf
                0x20000080        0x3 ./Core/Src/inout_driver.o
                0x20000080                long_pressed_buf
 .bss.seg1_con  0x20000083        0x1 ./Core/Src/inout_driver.o
                0x20000083                seg1_con
 .bss.seg2_con  0x20000084        0x1 ./Core/Src/inout_driver.o
                0x20000084                seg2_con
 *fill*         0x20000085        0x3 
 .bss.timer_flag
                0x20000088       0x14 ./Core/Src/software_timer.o
                0x20000088                timer_flag
 .bss.timer_arr
                0x2000009c       0xa0 ./Core/Src/software_timer.o
                0x2000009c                timer_arr
 .bss.timer_init_check
                0x2000013c       0x14 ./Core/Src/software_timer.o
 .bss.timer_arr_cnt
                0x20000150        0x4 ./Core/Src/software_timer.o
                0x20000150                timer_arr_cnt
 .bss.htim2     0x20000154       0x48 ./Core/Src/tim.o
                0x20000154                htim2
 .bss.uwTick    0x2000019c        0x4 ./Drivers/STM32F1xx_HAL_Driver/Src/stm32f1xx_hal.o
                0x2000019c                uwTick
 *(COMMON)
                0x200001a0                        . = ALIGN (0x4)
                0x200001a0                        _ebss = .
                0x200001a0                        __bss_end__ = _ebss

._user_heap_stack
                0x200001a0      0x600 load address 0x08002cd8
                0x200001a0                        . = ALIGN (0x8)
                [!provide]                        PROVIDE (end = .)
                0x200001a0                        PROVIDE (_end = .)
                0x200003a0                        . = (. + _Min_Heap_Size)
 *fill*         0x200001a0      0x200 
                0x200007a0                        . = (. + _Min_Stack_Size)
 *fill*         0x200003a0      0x400 
                0x200007a0                        . = ALIGN (0x8)

/DISCARD/
 libc.a(*)
 libm.a(*)
 libgcc.a(*)

.ARM.attributes
                0x00000000       0x29
 *(.ARM.attributes)
 .ARM.attributes
                0x00000000       0x1d C:/Users/taiko/App/en.st-stm32cubeide_1.17.0_23558_20241125_2245_x86_64.exe/STM32CubeIDE_1.17.0/STM32CubeIDE/plugins/com.st.stm32cube.ide.mcu.externaltools.gnu-tools-for-stm32.13.3.rel1.win32_1.0.0.202411081344/tools/bin/../lib/gcc/arm-none-eabi/13.3.1/thumb/v7-m/nofp/crti.o
 .ARM.attributes
                0x0000001d       0x2d C:/Users/taiko/App/en.st-stm32cubeide_1.17.0_23558_20241125_2245_x86_64.exe/STM32CubeIDE_1.17.0/STM32CubeIDE/plugins/com.st.stm32cube.ide.mcu.externaltools.gnu-tools-for-stm32.13.3.rel1.win32_1.0.0.202411081344/tools/bin/../lib/gcc/arm-none-eabi/13.3.1/thumb/v7-m/nofp/crtbegin.o
 .ARM.attributes
                0x0000004a       0x2d ./Core/Src/button.o
 .ARM.attributes
                0x00000077       0x2d ./Core/Src/global.o
 .ARM.attributes
                0x000000a4       0x2d ./Core/Src/gpio.o
 .ARM.attributes
                0x000000d1       0x2d ./Core/Src/inout_driver.o
 .ARM.attributes
                0x000000fe       0x2d ./Core/Src/main.o
 .ARM.attributes
                0x0000012b       0x2d ./Core/Src/software_timer.o
 .ARM.attributes
                0x00000158       0x2d ./Core/Src/stm32f1xx_hal_msp.o
 .ARM.attributes
                0x00000185       0x2d ./Core/Src/stm32f1xx_it.o
 .ARM.attributes
                0x000001b2       0x2d ./Core/Src/system_stm32f1xx.o
 .ARM.attributes
                0x000001df       0x2d ./Core/Src/tim.o
 .ARM.attributes
                0x0000020c       0x21 ./Core/Startup/startup_stm32f103c6ux.o
 .ARM.attributes
                0x0000022d       0x2d ./Drivers/STM32F1xx_HAL_Driver/Src/stm32f1xx_hal.o
 .ARM.attributes
                0x0000025a       0x2d ./Drivers/STM32F1xx_HAL_Driver/Src/stm32f1xx_hal_cortex.o
 .ARM.attributes
                0x00000287       0x2d ./Drivers/STM32F1xx_HAL_Driver/Src/stm32f1xx_hal_gpio.o
 .ARM.attributes
                0x000002b4       0x2d ./Drivers/STM32F1xx_HAL_Driver/Src/stm32f1xx_hal_rcc.o
 .ARM.attributes
                0x000002e1       0x2d ./Drivers/STM32F1xx_HAL_Driver/Src/stm32f1xx_hal_tim.o
 .ARM.attributes
                0x0000030e       0x2d ./Drivers/STM32F1xx_HAL_Driver/Src/stm32f1xx_hal_tim_ex.o
 .ARM.attributes
                0x0000033b       0x2d C:/Users/taiko/App/en.st-stm32cubeide_1.17.0_23558_20241125_2245_x86_64.exe/STM32CubeIDE_1.17.0/STM32CubeIDE/plugins/com.st.stm32cube.ide.mcu.externaltools.gnu-tools-for-stm32.13.3.rel1.win32_1.0.0.202411081344/tools/bin/../lib/gcc/arm-none-eabi/13.3.1/../../../../arm-none-eabi/lib/thumb/v7-m/nofp\libc_nano.a(libc_a-memset.o)
 .ARM.attributes
                0x00000368       0x2d C:/Users/taiko/App/en.st-stm32cubeide_1.17.0_23558_20241125_2245_x86_64.exe/STM32CubeIDE_1.17.0/STM32CubeIDE/plugins/com.st.stm32cube.ide.mcu.externaltools.gnu-tools-for-stm32.13.3.rel1.win32_1.0.0.202411081344/tools/bin/../lib/gcc/arm-none-eabi/13.3.1/../../../../arm-none-eabi/lib/thumb/v7-m/nofp\libc_nano.a(libc_a-init.o)
 .ARM.attributes
                0x00000395       0x1d C:/Users/taiko/App/en.st-stm32cubeide_1.17.0_23558_20241125_2245_x86_64.exe/STM32CubeIDE_1.17.0/STM32CubeIDE/plugins/com.st.stm32cube.ide.mcu.externaltools.gnu-tools-for-stm32.13.3.rel1.win32_1.0.0.202411081344/tools/bin/../lib/gcc/arm-none-eabi/13.3.1/thumb/v7-m/nofp/crtn.o
OUTPUT(VXL_VDK_lab3.elf elf32-littlearm)
LOAD linker stubs
LOAD C:/Users/taiko/App/en.st-stm32cubeide_1.17.0_23558_20241125_2245_x86_64.exe/STM32CubeIDE_1.17.0/STM32CubeIDE/plugins/com.st.stm32cube.ide.mcu.externaltools.gnu-tools-for-stm32.13.3.rel1.win32_1.0.0.202411081344/tools/bin/../lib/gcc/arm-none-eabi/13.3.1/../../../../arm-none-eabi/lib/thumb/v7-m/nofp\libc.a
LOAD C:/Users/taiko/App/en.st-stm32cubeide_1.17.0_23558_20241125_2245_x86_64.exe/STM32CubeIDE_1.17.0/STM32CubeIDE/plugins/com.st.stm32cube.ide.mcu.externaltools.gnu-tools-for-stm32.13.3.rel1.win32_1.0.0.202411081344/tools/bin/../lib/gcc/arm-none-eabi/13.3.1/../../../../arm-none-eabi/lib/thumb/v7-m/nofp\libm.a
LOAD C:/Users/taiko/App/en.st-stm32cubeide_1.17.0_23558_20241125_2245_x86_64.exe/STM32CubeIDE_1.17.0/STM32CubeIDE/plugins/com.st.stm32cube.ide.mcu.externaltools.gnu-tools-for-stm32.13.3.rel1.win32_1.0.0.202411081344/tools/bin/../lib/gcc/arm-none-eabi/13.3.1/thumb/v7-m/nofp\libgcc.a

.debug_info     0x00000000     0x8f60
 .debug_info    0x00000000      0x2fa ./Core/Src/button.o
 .debug_info    0x000002fa      0x1d2 ./Core/Src/global.o
 .debug_info    0x000004cc      0x29b ./Core/Src/gpio.o
 .debug_info    0x00000767      0x4b4 ./Core/Src/inout_driver.o
 .debug_info    0x00000c1b      0x9eb ./Core/Src/main.o
 .debug_info    0x00001606      0x816 ./Core/Src/software_timer.o
 .debug_info    0x00001e1c      0x1f1 ./Core/Src/stm32f1xx_hal_msp.o
 .debug_info    0x0000200d      0x6a1 ./Core/Src/stm32f1xx_it.o
 .debug_info    0x000026ae      0x222 ./Core/Src/system_stm32f1xx.o
 .debug_info    0x000028d0      0x99d ./Core/Src/tim.o
 .debug_info    0x0000326d       0x30 ./Core/Startup/startup_stm32f103c6ux.o
 .debug_info    0x0000329d      0x6e6 ./Drivers/STM32F1xx_HAL_Driver/Src/stm32f1xx_hal.o
 .debug_info    0x00003983      0xa69 ./Drivers/STM32F1xx_HAL_Driver/Src/stm32f1xx_hal_cortex.o
 .debug_info    0x000043ec      0x5ab ./Drivers/STM32F1xx_HAL_Driver/Src/stm32f1xx_hal_gpio.o
 .debug_info    0x00004997      0x7d5 ./Drivers/STM32F1xx_HAL_Driver/Src/stm32f1xx_hal_rcc.o
 .debug_info    0x0000516c     0x2959 ./Drivers/STM32F1xx_HAL_Driver/Src/stm32f1xx_hal_tim.o
 .debug_info    0x00007ac5     0x149b ./Drivers/STM32F1xx_HAL_Driver/Src/stm32f1xx_hal_tim_ex.o

.debug_abbrev   0x00000000     0x1d9c
 .debug_abbrev  0x00000000      0x165 ./Core/Src/button.o
 .debug_abbrev  0x00000165       0x5d ./Core/Src/global.o
 .debug_abbrev  0x000001c2      0x13f ./Core/Src/gpio.o
 .debug_abbrev  0x00000301      0x1c0 ./Core/Src/inout_driver.o
 .debug_abbrev  0x000004c1      0x25a ./Core/Src/main.o
 .debug_abbrev  0x0000071b      0x235 ./Core/Src/software_timer.o
 .debug_abbrev  0x00000950       0xdb ./Core/Src/stm32f1xx_hal_msp.o
 .debug_abbrev  0x00000a2b      0x191 ./Core/Src/stm32f1xx_it.o
 .debug_abbrev  0x00000bbc      0x13f ./Core/Src/system_stm32f1xx.o
 .debug_abbrev  0x00000cfb      0x20e ./Core/Src/tim.o
 .debug_abbrev  0x00000f09       0x24 ./Core/Startup/startup_stm32f103c6ux.o
 .debug_abbrev  0x00000f2d      0x201 ./Drivers/STM32F1xx_HAL_Driver/Src/stm32f1xx_hal.o
 .debug_abbrev  0x0000112e      0x2f8 ./Drivers/STM32F1xx_HAL_Driver/Src/stm32f1xx_hal_cortex.o
 .debug_abbrev  0x00001426      0x1ca ./Drivers/STM32F1xx_HAL_Driver/Src/stm32f1xx_hal_gpio.o
 .debug_abbrev  0x000015f0      0x2b3 ./Drivers/STM32F1xx_HAL_Driver/Src/stm32f1xx_hal_rcc.o
 .debug_abbrev  0x000018a3      0x277 ./Drivers/STM32F1xx_HAL_Driver/Src/stm32f1xx_hal_tim.o
 .debug_abbrev  0x00001b1a      0x282 ./Drivers/STM32F1xx_HAL_Driver/Src/stm32f1xx_hal_tim_ex.o

.debug_aranges  0x00000000      0xa90
 .debug_aranges
                0x00000000       0x38 ./Core/Src/button.o
 .debug_aranges
                0x00000038       0x18 ./Core/Src/global.o
 .debug_aranges
                0x00000050       0x20 ./Core/Src/gpio.o
 .debug_aranges
                0x00000070       0x88 ./Core/Src/inout_driver.o
 .debug_aranges
                0x000000f8       0x30 ./Core/Src/main.o
 .debug_aranges
                0x00000128       0x60 ./Core/Src/software_timer.o
 .debug_aranges
                0x00000188       0x20 ./Core/Src/stm32f1xx_hal_msp.o
 .debug_aranges
                0x000001a8       0x68 ./Core/Src/stm32f1xx_it.o
 .debug_aranges
                0x00000210       0x28 ./Core/Src/system_stm32f1xx.o
 .debug_aranges
                0x00000238       0x30 ./Core/Src/tim.o
 .debug_aranges
                0x00000268       0x28 ./Core/Startup/startup_stm32f103c6ux.o
 .debug_aranges
                0x00000290       0xe0 ./Drivers/STM32F1xx_HAL_Driver/Src/stm32f1xx_hal.o
 .debug_aranges
                0x00000370      0x100 ./Drivers/STM32F1xx_HAL_Driver/Src/stm32f1xx_hal_cortex.o
 .debug_aranges
                0x00000470       0x58 ./Drivers/STM32F1xx_HAL_Driver/Src/stm32f1xx_hal_gpio.o
 .debug_aranges
                0x000004c8       0x90 ./Drivers/STM32F1xx_HAL_Driver/Src/stm32f1xx_hal_rcc.o
 .debug_aranges
                0x00000558      0x3d0 ./Drivers/STM32F1xx_HAL_Driver/Src/stm32f1xx_hal_tim.o
 .debug_aranges
                0x00000928      0x168 ./Drivers/STM32F1xx_HAL_Driver/Src/stm32f1xx_hal_tim_ex.o

.debug_rnglists
                0x00000000      0x7fb
 .debug_rnglists
                0x00000000       0x26 ./Core/Src/button.o
 .debug_rnglists
                0x00000026       0x14 ./Core/Src/gpio.o
 .debug_rnglists
                0x0000003a       0x65 ./Core/Src/inout_driver.o
 .debug_rnglists
                0x0000009f       0x20 ./Core/Src/main.o
 .debug_rnglists
                0x000000bf       0x45 ./Core/Src/software_timer.o
 .debug_rnglists
                0x00000104       0x13 ./Core/Src/stm32f1xx_hal_msp.o
 .debug_rnglists
                0x00000117       0x49 ./Core/Src/stm32f1xx_it.o
 .debug_rnglists
                0x00000160       0x1a ./Core/Src/system_stm32f1xx.o
 .debug_rnglists
                0x0000017a       0x20 ./Core/Src/tim.o
 .debug_rnglists
                0x0000019a       0x19 ./Core/Startup/startup_stm32f103c6ux.o
 .debug_rnglists
                0x000001b3       0xa3 ./Drivers/STM32F1xx_HAL_Driver/Src/stm32f1xx_hal.o
 .debug_rnglists
                0x00000256       0xbb ./Drivers/STM32F1xx_HAL_Driver/Src/stm32f1xx_hal_cortex.o
 .debug_rnglists
                0x00000311       0x3f ./Drivers/STM32F1xx_HAL_Driver/Src/stm32f1xx_hal_gpio.o
 .debug_rnglists
                0x00000350       0x6c ./Drivers/STM32F1xx_HAL_Driver/Src/stm32f1xx_hal_rcc.o
 .debug_rnglists
                0x000003bc      0x31a ./Drivers/STM32F1xx_HAL_Driver/Src/stm32f1xx_hal_tim.o
 .debug_rnglists
                0x000006d6      0x125 ./Drivers/STM32F1xx_HAL_Driver/Src/stm32f1xx_hal_tim_ex.o

.debug_macro    0x00000000    0x16fa6
 .debug_macro   0x00000000      0x1b5 ./Core/Src/button.o
 .debug_macro   0x000001b5      0xacc ./Core/Src/button.o
 .debug_macro   0x00000c81      0x215 ./Core/Src/button.o
 .debug_macro   0x00000e96       0x2e ./Core/Src/button.o
 .debug_macro   0x00000ec4       0x22 ./Core/Src/button.o
 .debug_macro   0x00000ee6       0x22 ./Core/Src/button.o
 .debug_macro   0x00000f08       0x8e ./Core/Src/button.o
 .debug_macro   0x00000f96       0x51 ./Core/Src/button.o
 .debug_macro   0x00000fe7      0x103 ./Core/Src/button.o
 .debug_macro   0x000010ea       0x6a ./Core/Src/button.o
 .debug_macro   0x00001154      0x1df ./Core/Src/button.o
 .debug_macro   0x00001333       0x1c ./Core/Src/button.o
 .debug_macro   0x0000134f       0x22 ./Core/Src/button.o
 .debug_macro   0x00001371       0xbd ./Core/Src/button.o
 .debug_macro   0x0000142e      0xd23 ./Core/Src/button.o
 .debug_macro   0x00002151     0xde75 ./Core/Src/button.o
 .debug_macro   0x0000ffc6       0x6d ./Core/Src/button.o
 .debug_macro   0x00010033     0x34a2 ./Core/Src/button.o
 .debug_macro   0x000134d5      0x190 ./Core/Src/button.o
 .debug_macro   0x00013665       0x5c ./Core/Src/button.o
 .debug_macro   0x000136c1      0x5bc ./Core/Src/button.o
 .debug_macro   0x00013c7d      0x1b7 ./Core/Src/button.o
 .debug_macro   0x00013e34      0x1cb ./Core/Src/button.o
 .debug_macro   0x00013fff      0x114 ./Core/Src/button.o
 .debug_macro   0x00014113      0x1b2 ./Core/Src/button.o
 .debug_macro   0x000142c5       0x27 ./Core/Src/button.o
 .debug_macro   0x000142ec      0x12f ./Core/Src/button.o
 .debug_macro   0x0001441b      0x1bc ./Core/Src/button.o
 .debug_macro   0x000145d7       0x34 ./Core/Src/button.o
 .debug_macro   0x0001460b       0x3c ./Core/Src/button.o
 .debug_macro   0x00014647       0x57 ./Core/Src/button.o
 .debug_macro   0x0001469e       0x87 ./Core/Src/button.o
 .debug_macro   0x00014725      0x183 ./Core/Src/button.o
 .debug_macro   0x000148a8      0x140 ./Core/Src/button.o
 .debug_macro   0x000149e8      0x8ed ./Core/Src/button.o
 .debug_macro   0x000152d5       0x69 ./Core/Src/button.o
 .debug_macro   0x0001533e      0x154 ./Core/Src/button.o
 .debug_macro   0x00015492       0x1c ./Core/Src/button.o
 .debug_macro   0x000154ae      0x1c7 ./Core/Src/global.o
 .debug_macro   0x00015675       0x10 ./Core/Src/global.o
 .debug_macro   0x00015685       0x22 ./Core/Src/global.o
 .debug_macro   0x000156a7      0x112 ./Core/Src/global.o
 .debug_macro   0x000157b9      0x1b0 ./Core/Src/gpio.o
 .debug_macro   0x00015969      0x1c7 ./Core/Src/inout_driver.o
 .debug_macro   0x00015b30      0x1ed ./Core/Src/main.o
 .debug_macro   0x00015d1d      0x1c0 ./Core/Src/software_timer.o
 .debug_macro   0x00015edd      0x1a6 ./Core/Src/stm32f1xx_hal_msp.o
 .debug_macro   0x00016083      0x1b0 ./Core/Src/stm32f1xx_it.o
 .debug_macro   0x00016233      0x197 ./Core/Src/system_stm32f1xx.o
 .debug_macro   0x000163ca      0x1b0 ./Core/Src/tim.o
 .debug_macro   0x0001657a      0x1bb ./Drivers/STM32F1xx_HAL_Driver/Src/stm32f1xx_hal.o
 .debug_macro   0x00016735      0x197 ./Drivers/STM32F1xx_HAL_Driver/Src/stm32f1xx_hal_cortex.o
 .debug_macro   0x000168cc      0x202 ./Drivers/STM32F1xx_HAL_Driver/Src/stm32f1xx_hal_gpio.o
 .debug_macro   0x00016ace      0x1a9 ./Drivers/STM32F1xx_HAL_Driver/Src/stm32f1xx_hal_rcc.o
 .debug_macro   0x00016c77      0x198 ./Drivers/STM32F1xx_HAL_Driver/Src/stm32f1xx_hal_tim.o
 .debug_macro   0x00016e0f      0x197 ./Drivers/STM32F1xx_HAL_Driver/Src/stm32f1xx_hal_tim_ex.o

.debug_line     0x00000000     0xe335
 .debug_line    0x00000000      0x99e ./Core/Src/button.o
 .debug_line    0x0000099e      0x86d ./Core/Src/global.o
 .debug_line    0x0000120b      0x88a ./Core/Src/gpio.o
 .debug_line    0x00001a95      0xe2d ./Core/Src/inout_driver.o
 .debug_line    0x000028c2      0xa2c ./Core/Src/main.o
 .debug_line    0x000032ee      0xa02 ./Core/Src/software_timer.o
 .debug_line    0x00003cf0      0x865 ./Core/Src/stm32f1xx_hal_msp.o
 .debug_line    0x00004555      0x92b ./Core/Src/stm32f1xx_it.o
 .debug_line    0x00004e80      0x8e3 ./Core/Src/system_stm32f1xx.o
 .debug_line    0x00005763      0x8de ./Core/Src/tim.o
 .debug_line    0x00006041       0x78 ./Core/Startup/startup_stm32f103c6ux.o
 .debug_line    0x000060b9      0xb14 ./Drivers/STM32F1xx_HAL_Driver/Src/stm32f1xx_hal.o
 .debug_line    0x00006bcd      0xcde ./Drivers/STM32F1xx_HAL_Driver/Src/stm32f1xx_hal_cortex.o
 .debug_line    0x000078ab      0xb5c ./Drivers/STM32F1xx_HAL_Driver/Src/stm32f1xx_hal_gpio.o
 .debug_line    0x00008407      0xfcd ./Drivers/STM32F1xx_HAL_Driver/Src/stm32f1xx_hal_rcc.o
 .debug_line    0x000093d4     0x35b9 ./Drivers/STM32F1xx_HAL_Driver/Src/stm32f1xx_hal_tim.o
 .debug_line    0x0000c98d     0x19a8 ./Drivers/STM32F1xx_HAL_Driver/Src/stm32f1xx_hal_tim_ex.o

.debug_str      0x00000000    0x82a75
 .debug_str     0x00000000    0x82a75 ./Core/Src/button.o
                              0x7fd96 (size before relaxing)
 .debug_str     0x00082a75    0x8003c ./Core/Src/global.o
 .debug_str     0x00082a75    0x7fcea ./Core/Src/gpio.o
 .debug_str     0x00082a75    0x80212 ./Core/Src/inout_driver.o
 .debug_str     0x00082a75    0x80764 ./Core/Src/main.o
 .debug_str     0x00082a75    0x801b1 ./Core/Src/software_timer.o
 .debug_str     0x00082a75    0x7fc72 ./Core/Src/stm32f1xx_hal_msp.o
 .debug_str     0x00082a75    0x80178 ./Core/Src/stm32f1xx_it.o
 .debug_str     0x00082a75    0x7f7ce ./Core/Src/system_stm32f1xx.o
 .debug_str     0x00082a75    0x80559 ./Core/Src/tim.o
 .debug_str     0x00082a75       0x82 ./Core/Startup/startup_stm32f103c6ux.o
 .debug_str     0x00082a75    0x7fec7 ./Drivers/STM32F1xx_HAL_Driver/Src/stm32f1xx_hal.o
 .debug_str     0x00082a75    0x7fe13 ./Drivers/STM32F1xx_HAL_Driver/Src/stm32f1xx_hal_cortex.o
 .debug_str     0x00082a75    0x7fb54 ./Drivers/STM32F1xx_HAL_Driver/Src/stm32f1xx_hal_gpio.o
 .debug_str     0x00082a75    0x7fbfd ./Drivers/STM32F1xx_HAL_Driver/Src/stm32f1xx_hal_rcc.o
 .debug_str     0x00082a75    0x80bff ./Drivers/STM32F1xx_HAL_Driver/Src/stm32f1xx_hal_tim.o
 .debug_str     0x00082a75    0x8040b ./Drivers/STM32F1xx_HAL_Driver/Src/stm32f1xx_hal_tim_ex.o

.comment        0x00000000       0x43
 .comment       0x00000000       0x43 ./Core/Src/button.o
                                 0x44 (size before relaxing)
 .comment       0x00000043       0x44 ./Core/Src/global.o
 .comment       0x00000043       0x44 ./Core/Src/gpio.o
 .comment       0x00000043       0x44 ./Core/Src/inout_driver.o
 .comment       0x00000043       0x44 ./Core/Src/main.o
 .comment       0x00000043       0x44 ./Core/Src/software_timer.o
 .comment       0x00000043       0x44 ./Core/Src/stm32f1xx_hal_msp.o
 .comment       0x00000043       0x44 ./Core/Src/stm32f1xx_it.o
 .comment       0x00000043       0x44 ./Core/Src/system_stm32f1xx.o
 .comment       0x00000043       0x44 ./Core/Src/tim.o
 .comment       0x00000043       0x44 ./Drivers/STM32F1xx_HAL_Driver/Src/stm32f1xx_hal.o
 .comment       0x00000043       0x44 ./Drivers/STM32F1xx_HAL_Driver/Src/stm32f1xx_hal_cortex.o
 .comment       0x00000043       0x44 ./Drivers/STM32F1xx_HAL_Driver/Src/stm32f1xx_hal_gpio.o
 .comment       0x00000043       0x44 ./Drivers/STM32F1xx_HAL_Driver/Src/stm32f1xx_hal_rcc.o
 .comment       0x00000043       0x44 ./Drivers/STM32F1xx_HAL_Driver/Src/stm32f1xx_hal_tim.o
 .comment       0x00000043       0x44 ./Drivers/STM32F1xx_HAL_Driver/Src/stm32f1xx_hal_tim_ex.o

.debug_frame    0x00000000     0x297c
 .debug_frame   0x00000000       0xb0 ./Core/Src/button.o
 .debug_frame   0x000000b0       0x34 ./Core/Src/gpio.o
 .debug_frame   0x000000e4      0x1b4 ./Core/Src/inout_driver.o
 .debug_frame   0x00000298       0x68 ./Core/Src/main.o
 .debug_frame   0x00000300      0x158 ./Core/Src/software_timer.o
 .debug_frame   0x00000458       0x38 ./Core/Src/stm32f1xx_hal_msp.o
 .debug_frame   0x00000490      0x120 ./Core/Src/stm32f1xx_it.o
 .debug_frame   0x000005b0       0x58 ./Core/Src/system_stm32f1xx.o
 .debug_frame   0x00000608       0x7c ./Core/Src/tim.o
 .debug_frame   0x00000684      0x334 ./Drivers/STM32F1xx_HAL_Driver/Src/stm32f1xx_hal.o
 .debug_frame   0x000009b8      0x428 ./Drivers/STM32F1xx_HAL_Driver/Src/stm32f1xx_hal_cortex.o
 .debug_frame   0x00000de0      0x14c ./Drivers/STM32F1xx_HAL_Driver/Src/stm32f1xx_hal_gpio.o
 .debug_frame   0x00000f2c      0x218 ./Drivers/STM32F1xx_HAL_Driver/Src/stm32f1xx_hal_rcc.o
 .debug_frame   0x00001144     0x11b4 ./Drivers/STM32F1xx_HAL_Driver/Src/stm32f1xx_hal_tim.o
 .debug_frame   0x000022f8      0x638 ./Drivers/STM32F1xx_HAL_Driver/Src/stm32f1xx_hal_tim_ex.o
 .debug_frame   0x00002930       0x20 C:/Users/taiko/App/en.st-stm32cubeide_1.17.0_23558_20241125_2245_x86_64.exe/STM32CubeIDE_1.17.0/STM32CubeIDE/plugins/com.st.stm32cube.ide.mcu.externaltools.gnu-tools-for-stm32.13.3.rel1.win32_1.0.0.202411081344/tools/bin/../lib/gcc/arm-none-eabi/13.3.1/../../../../arm-none-eabi/lib/thumb/v7-m/nofp\libc_nano.a(libc_a-memset.o)
 .debug_frame   0x00002950       0x2c C:/Users/taiko/App/en.st-stm32cubeide_1.17.0_23558_20241125_2245_x86_64.exe/STM32CubeIDE_1.17.0/STM32CubeIDE/plugins/com.st.stm32cube.ide.mcu.externaltools.gnu-tools-for-stm32.13.3.rel1.win32_1.0.0.202411081344/tools/bin/../lib/gcc/arm-none-eabi/13.3.1/../../../../arm-none-eabi/lib/thumb/v7-m/nofp\libc_nano.a(libc_a-init.o)

.debug_line_str
                0x00000000       0x66
 .debug_line_str
                0x00000000       0x66 ./Core/Startup/startup_stm32f103c6ux.o
