Archive member included to satisfy reference by file (symbol)

C:/Users/taiko/App/en.st-stm32cubeide_1.17.0_23558_20241125_2245_x86_64.exe/STM32CubeIDE_1.17.0/STM32CubeIDE/plugins/com.st.stm32cube.ide.mcu.externaltools.gnu-tools-for-stm32.13.3.rel1.win32_1.0.0.202411081344/tools/bin/../lib/gcc/arm-none-eabi/13.3.1/../../../../arm-none-eabi/lib/thumb/v7-m/nofp\libc_nano.a(libc_a-exit.o)
                              C:/Users/taiko/App/en.st-stm32cubeide_1.17.0_23558_20241125_2245_x86_64.exe/STM32CubeIDE_1.17.0/STM32CubeIDE/plugins/com.st.stm32cube.ide.mcu.externaltools.gnu-tools-for-stm32.13.3.rel1.win32_1.0.0.202411081344/tools/bin/../lib/gcc/arm-none-eabi/13.3.1/../../../../arm-none-eabi/lib/thumb/v7-m/nofp/crt0.o (exit)
C:/Users/taiko/App/en.st-stm32cubeide_1.17.0_23558_20241125_2245_x86_64.exe/STM32CubeIDE_1.17.0/STM32CubeIDE/plugins/com.st.stm32cube.ide.mcu.externaltools.gnu-tools-for-stm32.13.3.rel1.win32_1.0.0.202411081344/tools/bin/../lib/gcc/arm-none-eabi/13.3.1/../../../../arm-none-eabi/lib/thumb/v7-m/nofp\libc_nano.a(libc_a-findfp.o)
                              C:/Users/taiko/App/en.st-stm32cubeide_1.17.0_23558_20241125_2245_x86_64.exe/STM32CubeIDE_1.17.0/STM32CubeIDE/plugins/com.st.stm32cube.ide.mcu.externaltools.gnu-tools-for-stm32.13.3.rel1.win32_1.0.0.202411081344/tools/bin/../lib/gcc/arm-none-eabi/13.3.1/../../../../arm-none-eabi/lib/thumb/v7-m/nofp\libc_nano.a(libc_a-exit.o) (__stdio_exit_handler)
C:/Users/taiko/App/en.st-stm32cubeide_1.17.0_23558_20241125_2245_x86_64.exe/STM32CubeIDE_1.17.0/STM32CubeIDE/plugins/com.st.stm32cube.ide.mcu.externaltools.gnu-tools-for-stm32.13.3.rel1.win32_1.0.0.202411081344/tools/bin/../lib/gcc/arm-none-eabi/13.3.1/../../../../arm-none-eabi/lib/thumb/v7-m/nofp\libc_nano.a(libc_a-fwalk.o)
                              C:/Users/taiko/App/en.st-stm32cubeide_1.17.0_23558_20241125_2245_x86_64.exe/STM32CubeIDE_1.17.0/STM32CubeIDE/plugins/com.st.stm32cube.ide.mcu.externaltools.gnu-tools-for-stm32.13.3.rel1.win32_1.0.0.202411081344/tools/bin/../lib/gcc/arm-none-eabi/13.3.1/../../../../arm-none-eabi/lib/thumb/v7-m/nofp\libc_nano.a(libc_a-findfp.o) (_fwalk_sglue)
C:/Users/taiko/App/en.st-stm32cubeide_1.17.0_23558_20241125_2245_x86_64.exe/STM32CubeIDE_1.17.0/STM32CubeIDE/plugins/com.st.stm32cube.ide.mcu.externaltools.gnu-tools-for-stm32.13.3.rel1.win32_1.0.0.202411081344/tools/bin/../lib/gcc/arm-none-eabi/13.3.1/../../../../arm-none-eabi/lib/thumb/v7-m/nofp\libc_nano.a(libc_a-sprintf.o)
                              ./Core/Src/uart_adc.o (sprintf)
C:/Users/taiko/App/en.st-stm32cubeide_1.17.0_23558_20241125_2245_x86_64.exe/STM32CubeIDE_1.17.0/STM32CubeIDE/plugins/com.st.stm32cube.ide.mcu.externaltools.gnu-tools-for-stm32.13.3.rel1.win32_1.0.0.202411081344/tools/bin/../lib/gcc/arm-none-eabi/13.3.1/../../../../arm-none-eabi/lib/thumb/v7-m/nofp\libc_nano.a(libc_a-stdio.o)
                              C:/Users/taiko/App/en.st-stm32cubeide_1.17.0_23558_20241125_2245_x86_64.exe/STM32CubeIDE_1.17.0/STM32CubeIDE/plugins/com.st.stm32cube.ide.mcu.externaltools.gnu-tools-for-stm32.13.3.rel1.win32_1.0.0.202411081344/tools/bin/../lib/gcc/arm-none-eabi/13.3.1/../../../../arm-none-eabi/lib/thumb/v7-m/nofp\libc_nano.a(libc_a-findfp.o) (__sread)
C:/Users/taiko/App/en.st-stm32cubeide_1.17.0_23558_20241125_2245_x86_64.exe/STM32CubeIDE_1.17.0/STM32CubeIDE/plugins/com.st.stm32cube.ide.mcu.externaltools.gnu-tools-for-stm32.13.3.rel1.win32_1.0.0.202411081344/tools/bin/../lib/gcc/arm-none-eabi/13.3.1/../../../../arm-none-eabi/lib/thumb/v7-m/nofp\libc_nano.a(libc_a-memset.o)
                              C:/Users/taiko/App/en.st-stm32cubeide_1.17.0_23558_20241125_2245_x86_64.exe/STM32CubeIDE_1.17.0/STM32CubeIDE/plugins/com.st.stm32cube.ide.mcu.externaltools.gnu-tools-for-stm32.13.3.rel1.win32_1.0.0.202411081344/tools/bin/../lib/gcc/arm-none-eabi/13.3.1/../../../../arm-none-eabi/lib/thumb/v7-m/nofp/crt0.o (memset)
C:/Users/taiko/App/en.st-stm32cubeide_1.17.0_23558_20241125_2245_x86_64.exe/STM32CubeIDE_1.17.0/STM32CubeIDE/plugins/com.st.stm32cube.ide.mcu.externaltools.gnu-tools-for-stm32.13.3.rel1.win32_1.0.0.202411081344/tools/bin/../lib/gcc/arm-none-eabi/13.3.1/../../../../arm-none-eabi/lib/thumb/v7-m/nofp\libc_nano.a(libc_a-closer.o)
                              C:/Users/taiko/App/en.st-stm32cubeide_1.17.0_23558_20241125_2245_x86_64.exe/STM32CubeIDE_1.17.0/STM32CubeIDE/plugins/com.st.stm32cube.ide.mcu.externaltools.gnu-tools-for-stm32.13.3.rel1.win32_1.0.0.202411081344/tools/bin/../lib/gcc/arm-none-eabi/13.3.1/../../../../arm-none-eabi/lib/thumb/v7-m/nofp\libc_nano.a(libc_a-stdio.o) (_close_r)
C:/Users/taiko/App/en.st-stm32cubeide_1.17.0_23558_20241125_2245_x86_64.exe/STM32CubeIDE_1.17.0/STM32CubeIDE/plugins/com.st.stm32cube.ide.mcu.externaltools.gnu-tools-for-stm32.13.3.rel1.win32_1.0.0.202411081344/tools/bin/../lib/gcc/arm-none-eabi/13.3.1/../../../../arm-none-eabi/lib/thumb/v7-m/nofp\libc_nano.a(libc_a-reent.o)
[...]
Memory Configuration

Name             Origin             Length             Attributes
RAM              0x20000000         0x00002800         xrw
FLASH            0x08000000         0x00008000         xr
*default*        0x00000000         0xffffffff

Linker script and memory map

LOAD C:/Users/taiko/App/en.st-stm32cubeide_1.17.0_23558_20241125_2245_x86_64.exe/STM32CubeIDE_1.17.0/STM32CubeIDE/plugins/com.st.stm32cube.ide.mcu.externaltools.gnu-tools-for-stm32.13.3.rel1.win32_1.0.0.202411081344/tools/bin/../lib/gcc/arm-none-eabi/13.3.1/thumb/v7-m/nofp/crti.o
LOAD C:/Users/taiko/App/en.st-stm32cubeide_1.17.0_23558_20241125_2245_x86_64.exe/STM32CubeIDE_1.17.0/STM32CubeIDE/plugins/com.st.stm32cube.ide.mcu.externaltools.gnu-tools-for-stm32.13.3.rel1.win32_1.0.0.202411081344/tools/bin/../lib/gcc/arm-none-eabi/13.3.1/thumb/v7-m/nofp/crtbegin.o
LOAD C:/Users/taiko/App/en.st-stm32cubeide_1.17.0_23558_20241125_2245_x86_64.exe/STM32CubeIDE_1.17.0/STM32CubeIDE/plugins/com.st.stm32cube.ide.mcu.externaltools.gnu-tools-for-stm32.13.3.rel1.win32_1.0.0.202411081344/tools/bin/../lib/gcc/arm-none-eabi/13.3.1/../../../../arm-none-eabi/lib/thumb/v7-m/nofp/crt0.o
LOAD ./Core/Src/SCH.o
LOAD ./Core/Src/adc.o
LOAD ./Core/Src/gpio.o
LOAD ./Core/Src/main.o
LOAD ./Core/Src/stm32f1xx_hal_msp.o
LOAD ./Core/Src/stm32f1xx_it.o
LOAD ./Core/Src/syscalls.o
LOAD ./Core/Src/sysmem.o
LOAD ./Core/Src/system_stm32f1xx.o
LOAD ./Core/Src/tim.o
LOAD ./Core/Src/uart_adc.o
LOAD ./Core/Src/usart.o
LOAD ./Core/Startup/startup_stm32f103c6ux.o
LOAD ./Drivers/STM32F1xx_HAL_Driver/Src/stm32f1xx_hal.o
LOAD ./Drivers/STM32F1xx_HAL_Driver/Src/stm32f1xx_hal_adc.o
LOAD ./Drivers/STM32F1xx_HAL_Driver/Src/stm32f1xx_hal_adc_ex.o
LOAD ./Drivers/STM32F1xx_HAL_Driver/Src/stm32f1xx_hal_cortex.o
LOAD ./Drivers/STM32F1xx_HAL_Driver/Src/stm32f1xx_hal_dma.o
LOAD ./Drivers/STM32F1xx_HAL_Driver/Src/stm32f1xx_hal_exti.o
LOAD ./Drivers/STM32F1xx_HAL_Driver/Src/stm32f1xx_hal_flash.o
LOAD ./Drivers/STM32F1xx_HAL_Driver/Src/stm32f1xx_hal_flash_ex.o
LOAD ./Drivers/STM32F1xx_HAL_Driver/Src/stm32f1xx_hal_gpio.o
LOAD ./Drivers/STM32F1xx_HAL_Driver/Src/stm32f1xx_hal_gpio_ex.o
LOAD ./Drivers/STM32F1xx_HAL_Driver/Src/stm32f1xx_hal_pwr.o
LOAD ./Drivers/STM32F1xx_HAL_Driver/Src/stm32f1xx_hal_rcc.o
LOAD ./Drivers/STM32F1xx_HAL_Driver/Src/stm32f1xx_hal_rcc_ex.o
LOAD ./Drivers/STM32F1xx_HAL_Driver/Src/stm32f1xx_hal_tim.o
LOAD ./Drivers/STM32F1xx_HAL_Driver/Src/stm32f1xx_hal_tim_ex.o
LOAD ./Drivers/STM32F1xx_HAL_Driver/Src/stm32f1xx_hal_uart.o
START GROUP
LOAD C:/Users/taiko/App/en.st-stm32cubeide_1.17.0_23558_20241125_2245_x86_64.exe/STM32CubeIDE_1.17.0/STM32CubeIDE/plugins/com.st.stm32cube.ide.mcu.externaltools.gnu-tools-for-stm32.13.3.rel1.win32_1.0.0.202411081344/tools/bin/../lib/gcc/arm-none-eabi/13.3.1/../../../../arm-none-eabi/lib/thumb/v7-m/nofp\libc_nano.a
LOAD C:/Users/taiko/App/en.st-stm32cubeide_1.17.0_23558_20241125_2245_x86_64.exe/STM32CubeIDE_1.17.0/STM32CubeIDE/plugins/com.st.stm32cube.ide.mcu.externaltools.gnu-tools-for-stm32.13.3.rel1.win32_1.0.0.202411081344/tools/bin/../lib/gcc/arm-none-eabi/13.3.1/../../../../arm-none-eabi/lib/thumb/v7-m/nofp\libm.a
END GROUP
START GROUP
LOAD C:/Users/taiko/App/en.st-stm32cubeide_1.17.0_23558_20241125_2245_x86_64.exe/STM32CubeIDE_1.17.0/STM32CubeIDE/plugins/com.st.stm32cube.ide.mcu.externaltools.gnu-tools-for-stm32.13.3.rel1.win32_1.0.0.202411081344/tools/bin/../lib/gcc/arm-none-eabi/13.3.1/thumb/v7-m/nofp\libgcc.a
LOAD C:/Users/taiko/App/en.st-stm32cubeide_1.17.0_23558_20241125_2245_x86_64.exe/STM32CubeIDE_1.17.0/STM32CubeIDE/plugins/com.st.stm32cube.ide.mcu.externaltools.gnu-tools-for-stm32.13.3.rel1.win32_1.0.0.202411081344/tools/bin/../lib/gcc/arm-none-eabi/13.3.1/../../../../arm-none-eabi/lib/thumb/v7-m/nofp\libc_nano.a
END GROUP
START GROUP
LOAD C:/Users/taiko/App/en.st-stm32cubeide_1.17.0_23558_20241125_2245_x86_64.exe/STM32CubeIDE_1.17.0/STM32CubeIDE/plugins/com.st.stm32cube.ide.mcu.externaltools.gnu-tools-for-stm32.13.3.rel1.win32_1.0.0.202411081344/tools/bin/../lib/gcc/arm-none-eabi/13.3.1/thumb/v7-m/nofp\libgcc.a
LOAD C:/Users/taiko/App/en.st-stm32cubeide_1.17.0_23558_20241125_2245_x86_64.exe/STM32CubeIDE_1.17.0/STM32CubeIDE/plugins/com.st.stm32cube.ide.mcu.externaltools.gnu-tools-for-stm32.13.3.rel1.win32_1.0.0.202411081344/tools/bin/../lib/gcc/arm-none-eabi/13.3.1/../../../../arm-none-eabi/lib/thumb/v7-m/nofp\libc_nano.a
LOAD C:/Users/taiko/App/en.st-stm32cubeide_1.17.0_23558_20241125_2245_x86_64.exe/STM32CubeIDE_1.17.0/STM32CubeIDE/plugins/com.st.stm32cube.ide.mcu.externaltools.gnu-tools-for-stm32.13.3.rel1.win32_1.0.0.202411081344/tools/bin/../lib/gcc/arm-none-eabi/13.3.1/../../../../arm-none-eabi/lib/thumb/v7-m/nofp\libnosys.a
END GROUP
START GROUP
LOAD C:/Users/taiko/App/en.st-stm32cubeide_1.17.0_23558_20241125_2245_x86_64.exe/STM32CubeIDE_1.17.0/STM32CubeIDE/plugins/com.st.stm32cube.ide.mcu.externaltools.gnu-tools-for-stm32.13.3.rel1.win32_1.0.0.202411081344/tools/bin/../lib/gcc/arm-none-eabi/13.3.1/thumb/v7-m/nofp\libgcc.a
LOAD C:/Users/taiko/App/en.st-stm32cubeide_1.17.0_23558_20241125_2245_x86_64.exe/STM32CubeIDE_1.17.0/STM32CubeIDE/plugins/com.st.stm32cube.ide.mcu.externaltools.gnu-tools-for-stm32.13.3.rel1.win32_1.0.0.202411081344/tools/bin/../lib/gcc/arm-none-eabi/13.3.1/../../../../arm-none-eabi/lib/thumb/v7-m/nofp\libc_nano.a
LOAD C:/Users/taiko/App/en.st-stm32cubeide_1.17.0_23558_20241125_2245_x86_64.exe/STM32CubeIDE_1.17.0/STM32CubeIDE/plugins/com.st.stm32cube.ide.mcu.externaltools.gnu-tools-for-stm32.13.3.rel1.win32_1.0.0.202411081344/tools/bin/../lib/gcc/arm-none-eabi/13.3.1/../../../../arm-none-eabi/lib/thumb/v7-m/nofp\libnosys.a
END GROUP
LOAD C:/Users/taiko/App/en.st-stm32cubeide_1.17.0_23558_20241125_2245_x86_64.exe/STM32CubeIDE_1.17.0/STM32CubeIDE/plugins/com.st.stm32cube.ide.mcu.externaltools.gnu-tools-for-stm32.13.3.rel1.win32_1.0.0.202411081344/tools/bin/../lib/gcc/arm-none-eabi/13.3.1/thumb/v7-m/nofp/crtend.o
LOAD C:/Users/taiko/App/en.st-stm32cubeide_1.17.0_23558_20241125_2245_x86_64.exe/STM32CubeIDE_1.17.0/STM32CubeIDE/plugins/com.st.stm32cube.ide.mcu.externaltools.gnu-tools-for-stm32.13.3.rel1.win32_1.0.0.202411081344/tools/bin/../lib/gcc/arm-none-eabi/13.3.1/thumb/v7-m/nofp/crtn.o
                0x20002800                        _estack = (ORIGIN (RAM) + LENGTH (RAM))
                0x00000200                        _Min_Heap_Size = 0x200
                0x00000400                        _Min_Stack_Size = 0x400

.isr_vector     0x08000000      0x10c
                0x08000000                        . = ALIGN (0x4)
 *(.isr_vector)
 .isr_vector    0x08000000      0x10c ./Core/Startup/startup_stm32f103c6ux.o
                0x08000000                g_pfnVectors
                0x0800010c                        . = ALIGN (0x4)

.text           0x0800010c     0x43a4
                0x0800010c                        . = ALIGN (0x4)
 *(.text)
 .text          0x0800010c       0x40 C:/Users/taiko/App/en.st-stm32cubeide_1.17.0_23558_20241125_2245_x86_64.exe/STM32CubeIDE_1.17.0/STM32CubeIDE/plugins/com.st.stm32cube.ide.mcu.externaltools.gnu-tools-for-stm32.13.3.rel1.win32_1.0.0.202411081344/tools/bin/../lib/gcc/arm-none-eabi/13.3.1/thumb/v7-m/nofp/crtbegin.o
 *(.text*)
 .text.SCH_Init
                0x0800014c       0x8c ./Core/Src/SCH.o
                0x0800014c                SCH_Init
 .text.SCH_Update
                0x080001d8       0x28 ./Core/Src/SCH.o
                0x080001d8                SCH_Update
 .text.SCH_Add_Task
                0x08000200      0x190 ./Core/Src/SCH.o
                0x08000200                SCH_Add_Task
 .text.SCH_Delete_Task
                0x08000390      0x15c ./Core/Src/SCH.o
                0x08000390                SCH_Delete_Task
 .text.SCH_Dispatch_Tasks
                0x080004ec      0x1b0 ./Core/Src/SCH.o
                0x080004ec                SCH_Dispatch_Tasks
 .text.HAL_TIM_PeriodElapsedCallback
                0x0800069c       0x1e ./Core/Src/SCH.o
                0x0800069c                HAL_TIM_PeriodElapsedCallback
 *fill*         0x080006ba        0x2 
 .text.MX_ADC1_Init
                0x080006bc       0x7c ./Core/Src/adc.o
                0x080006bc                MX_ADC1_Init
 .text.HAL_ADC_MspInit
                0x08000738       0x78 ./Core/Src/adc.o
                0x08000738                HAL_ADC_MspInit
 .text.MX_GPIO_Init
                0x080007b0       0x64 ./Core/Src/gpio.o
                0x080007b0                MX_GPIO_Init
 .text.Toggle_LED_RED
                0x08000814       0x14 ./Core/Src/main.o
                0x08000814                Toggle_LED_RED
 .text.main     0x08000828       0x8c ./Core/Src/main.o
                0x08000828                main
 .text.SystemClock_Config
                0x080008b4       0xa0 ./Core/Src/main.o
                0x080008b4                SystemClock_Config
 .text.Error_Handler
                0x08000954        0xc ./Core/Src/main.o
                0x08000954                Error_Handler
 .text.HAL_MspInit
                0x08000960       0x64 ./Core/Src/stm32f1xx_hal_msp.o
                0x08000960                HAL_MspInit
 .text.NMI_Handler
                0x080009c4        0x8 ./Core/Src/stm32f1xx_it.o
                0x080009c4                NMI_Handler
 .text.HardFault_Handler
                0x080009cc        0x8 ./Core/Src/stm32f1xx_it.o
                0x080009cc                HardFault_Handler
 .text.MemManage_Handler
                0x080009d4        0x8 ./Core/Src/stm32f1xx_it.o
                0x080009d4                MemManage_Handler
 .text.BusFault_Handler
                0x080009dc        0x8 ./Core/Src/stm32f1xx_it.o
                0x080009dc                BusFault_Handler
 .text.UsageFault_Handler
                0x080009e4        0x8 ./Core/Src/stm32f1xx_it.o
                0x080009e4                UsageFault_Handler
 .text.SVC_Handler
                0x080009ec        0xc ./Core/Src/stm32f1xx_it.o
                0x080009ec                SVC_Handler
 .text.DebugMon_Handler
                0x080009f8        0xc ./Core/Src/stm32f1xx_it.o
                0x080009f8                DebugMon_Handler
 .text.PendSV_Handler
                0x08000a04        0xc ./Core/Src/stm32f1xx_it.o
                0x08000a04                PendSV_Handler
 .text.SysTick_Handler
                0x08000a10        0xc ./Core/Src/stm32f1xx_it.o
                0x08000a10                SysTick_Handler
 .text.TIM2_IRQHandler
                0x08000a1c       0x14 ./Core/Src/stm32f1xx_it.o
                0x08000a1c                TIM2_IRQHandler
 .text.USART2_IRQHandler
                0x08000a30       0x14 ./Core/Src/stm32f1xx_it.o
                0x08000a30                USART2_IRQHandler
 .text._sbrk    0x08000a44       0x6c ./Core/Src/sysmem.o
                0x08000a44                _sbrk
 .text.SystemInit
                0x08000ab0        0xc ./Core/Src/system_stm32f1xx.o
                0x08000ab0                SystemInit
 .text.MX_TIM2_Init
                0x08000abc       0x98 ./Core/Src/tim.o
                0x08000abc                MX_TIM2_Init
 .text.HAL_TIM_Base_MspInit
                0x08000b54       0x48 ./Core/Src/tim.o
                0x08000b54                HAL_TIM_Base_MspInit
 .text.get_ADC_value
                0x08000b9c       0x20 ./Core/Src/uart_adc.o
                0x08000b9c                get_ADC_value
 .text.command_parser_fsm
                0x08000bbc      0x100 ./Core/Src/uart_adc.o
                0x08000bbc                command_parser_fsm
 .text.uart_communiation_fsm
                0x08000cbc       0xcc ./Core/Src/uart_adc.o
                0x08000cbc                uart_communiation_fsm
 .text.HAL_UART_RxCpltCallback
                0x08000d88       0x68 ./Core/Src/uart_adc.o
                0x08000d88                HAL_UART_RxCpltCallback
 .text.MX_USART2_UART_Init
                0x08000df0       0x54 ./Core/Src/usart.o
                0x08000df0                MX_USART2_UART_Init
 .text.HAL_UART_MspInit
                0x08000e44       0xa4 ./Core/Src/usart.o
                0x08000e44                HAL_UART_MspInit
 .text.Reset_Handler
                0x08000ee8       0x48 ./Core/Startup/startup_stm32f103c6ux.o
                0x08000ee8                Reset_Handler
 .text.Default_Handler
                0x08000f30        0x2 ./Core/Startup/startup_stm32f103c6ux.o
                0x08000f30                RTC_Alarm_IRQHandler
                0x08000f30                EXTI2_IRQHandler
                0x08000f30                TIM1_CC_IRQHandler
                0x08000f30                PVD_IRQHandler
                0x08000f30                EXTI3_IRQHandler
                0x08000f30                EXTI0_IRQHandler
                0x08000f30                ADC1_2_IRQHandler
                0x08000f30                SPI1_IRQHandler
                0x08000f30                TAMPER_IRQHandler
                0x08000f30                DMA1_Channel4_IRQHandler
                0x08000f30                RTC_IRQHandler
                0x08000f30                DMA1_Channel7_IRQHandler
                0x08000f30                CAN1_RX1_IRQHandler
                0x08000f30                I2C1_EV_IRQHandler
                0x08000f30                DMA1_Channel6_IRQHandler
                0x08000f30                TIM3_IRQHandler
                0x08000f30                RCC_IRQHandler
                0x08000f30                TIM1_TRG_COM_IRQHandler
                0x08000f30                DMA1_Channel1_IRQHandler
                0x08000f30                Default_Handler
                0x08000f30                EXTI15_10_IRQHandler
                0x08000f30                EXTI9_5_IRQHandler
                0x08000f30                DMA1_Channel5_IRQHandler
                0x08000f30                EXTI4_IRQHandler
                0x08000f30                USB_LP_CAN1_RX0_IRQHandler
                0x08000f30                USB_HP_CAN1_TX_IRQHandler
                0x08000f30                DMA1_Channel3_IRQHandler
                0x08000f30                TIM1_UP_IRQHandler
                0x08000f30                WWDG_IRQHandler
                0x08000f30                TIM1_BRK_IRQHandler
                0x08000f30                EXTI1_IRQHandler
                0x08000f30                DMA1_Channel2_IRQHandler
                0x08000f30                CAN1_SCE_IRQHandler
                0x08000f30                FLASH_IRQHandler
                0x08000f30                USART1_IRQHandler
                0x08000f30                I2C1_ER_IRQHandler
                0x08000f30                USBWakeUp_IRQHandler
 *fill*         0x08000f32        0x2 
 .text.HAL_Init
                0x08000f34       0x2c ./Drivers/STM32F1xx_HAL_Driver/Src/stm32f1xx_hal.o
                0x08000f34                HAL_Init
 .text.HAL_InitTick
                0x08000f60       0x60 ./Drivers/STM32F1xx_HAL_Driver/Src/stm32f1xx_hal.o
                0x08000f60                HAL_InitTick
 .text.HAL_IncTick
                0x08000fc0       0x24 ./Drivers/STM32F1xx_HAL_Driver/Src/stm32f1xx_hal.o
                0x08000fc0                HAL_IncTick
 .text.HAL_GetTick
                0x08000fe4       0x14 ./Drivers/STM32F1xx_HAL_Driver/Src/stm32f1xx_hal.o
                0x08000fe4                HAL_GetTick
 .text.HAL_ADC_Init
                0x08000ff8      0x1b0 ./Drivers/STM32F1xx_HAL_Driver/Src/stm32f1xx_hal_adc.o
                0x08000ff8                HAL_ADC_Init
 .text.HAL_ADC_Start
                0x080011a8      0x15c ./Drivers/STM32F1xx_HAL_Driver/Src/stm32f1xx_hal_adc.o
                0x080011a8                HAL_ADC_Start
 .text.HAL_ADC_GetValue
                0x08001304       0x18 ./Drivers/STM32F1xx_HAL_Driver/Src/stm32f1xx_hal_adc.o
                0x08001304                HAL_ADC_GetValue
 .text.HAL_ADC_ConfigChannel
                0x0800131c      0x1f0 ./Drivers/STM32F1xx_HAL_Driver/Src/stm32f1xx_hal_adc.o
                0x0800131c                HAL_ADC_ConfigChannel
 .text.ADC_Enable
                0x0800150c       0xb4 ./Drivers/STM32F1xx_HAL_Driver/Src/stm32f1xx_hal_adc.o
                0x0800150c                ADC_Enable
 .text.ADC_ConversionStop_Disable
                0x080015c0       0x82 ./Drivers/STM32F1xx_HAL_Driver/Src/stm32f1xx_hal_adc.o
                0x080015c0                ADC_ConversionStop_Disable
 *fill*         0x08001642        0x2 
 .text.__NVIC_SetPriorityGrouping
                0x08001644       0x48 ./Drivers/STM32F1xx_HAL_Driver/Src/stm32f1xx_hal_cortex.o
 .text.__NVIC_GetPriorityGrouping
                0x0800168c       0x1c ./Drivers/STM32F1xx_HAL_Driver/Src/stm32f1xx_hal_cortex.o
 .text.__NVIC_EnableIRQ
                0x080016a8       0x38 ./Drivers/STM32F1xx_HAL_Driver/Src/stm32f1xx_hal_cortex.o
 .text.__NVIC_SetPriority
                0x080016e0       0x54 ./Drivers/STM32F1xx_HAL_Driver/Src/stm32f1xx_hal_cortex.o
 .text.NVIC_EncodePriority
                0x08001734       0x64 ./Drivers/STM32F1xx_HAL_Driver/Src/stm32f1xx_hal_cortex.o
 .text.SysTick_Config
                0x08001798       0x44 ./Drivers/STM32F1xx_HAL_Driver/Src/stm32f1xx_hal_cortex.o
 .text.HAL_NVIC_SetPriorityGrouping
                0x080017dc       0x16 ./Drivers/STM32F1xx_HAL_Driver/Src/stm32f1xx_hal_cortex.o
                0x080017dc                HAL_NVIC_SetPriorityGrouping
 .text.HAL_NVIC_SetPriority
                0x080017f2       0x38 ./Drivers/STM32F1xx_HAL_Driver/Src/stm32f1xx_hal_cortex.o
                0x080017f2                HAL_NVIC_SetPriority
 .text.HAL_NVIC_EnableIRQ
                0x0800182a       0x1c ./Drivers/STM32F1xx_HAL_Driver/Src/stm32f1xx_hal_cortex.o
                0x0800182a                HAL_NVIC_EnableIRQ
 .text.HAL_SYSTICK_Config
                0x08001846       0x18 ./Drivers/STM32F1xx_HAL_Driver/Src/stm32f1xx_hal_cortex.o
                0x08001846                HAL_SYSTICK_Config
 .text.HAL_DMA_Abort
                0x0800185e       0x76 ./Drivers/STM32F1xx_HAL_Driver/Src/stm32f1xx_hal_dma.o
                0x0800185e                HAL_DMA_Abort
 .text.HAL_DMA_Abort_IT
                0x080018d4       0xf0 ./Drivers/STM32F1xx_HAL_Driver/Src/stm32f1xx_hal_dma.o
                0x080018d4                HAL_DMA_Abort_IT
 .text.HAL_GPIO_Init
                0x080019c4      0x2f8 ./Drivers/STM32F1xx_HAL_Driver/Src/stm32f1xx_hal_gpio.o
                0x080019c4                HAL_GPIO_Init
 .text.HAL_GPIO_WritePin
                0x08001cbc       0x30 ./Drivers/STM32F1xx_HAL_Driver/Src/stm32f1xx_hal_gpio.o
                0x08001cbc                HAL_GPIO_WritePin
 .text.HAL_GPIO_TogglePin
                0x08001cec       0x32 ./Drivers/STM32F1xx_HAL_Driver/Src/stm32f1xx_hal_gpio.o
                0x08001cec                HAL_GPIO_TogglePin
 *fill*         0x08001d1e        0x2 
 .text.HAL_RCC_OscConfig
                0x08001d20      0x504 ./Drivers/STM32F1xx_HAL_Driver/Src/stm32f1xx_hal_rcc.o
                0x08001d20                HAL_RCC_OscConfig
 .text.HAL_RCC_ClockConfig
                0x08002224      0x1d4 ./Drivers/STM32F1xx_HAL_Driver/Src/stm32f1xx_hal_rcc.o
                0x08002224                HAL_RCC_ClockConfig
 .text.HAL_RCC_GetSysClockFreq
                0x080023f8       0xa8 ./Drivers/STM32F1xx_HAL_Driver/Src/stm32f1xx_hal_rcc.o
                0x080023f8                HAL_RCC_GetSysClockFreq
 .text.HAL_RCC_GetHCLKFreq
                0x080024a0       0x14 ./Drivers/STM32F1xx_HAL_Driver/Src/stm32f1xx_hal_rcc.o
                0x080024a0                HAL_RCC_GetHCLKFreq
 .text.HAL_RCC_GetPCLK1Freq
                0x080024b4       0x28 ./Drivers/STM32F1xx_HAL_Driver/Src/stm32f1xx_hal_rcc.o
                0x080024b4                HAL_RCC_GetPCLK1Freq
 .text.HAL_RCC_GetPCLK2Freq
                0x080024dc       0x28 ./Drivers/STM32F1xx_HAL_Driver/Src/stm32f1xx_hal_rcc.o
                0x080024dc                HAL_RCC_GetPCLK2Freq
 .text.RCC_Delay
                0x08002504       0x3c ./Drivers/STM32F1xx_HAL_Driver/Src/stm32f1xx_hal_rcc.o
 .text.HAL_RCCEx_PeriphCLKConfig
                0x08002540      0x16c ./Drivers/STM32F1xx_HAL_Driver/Src/stm32f1xx_hal_rcc_ex.o
                0x08002540                HAL_RCCEx_PeriphCLKConfig
 .text.HAL_TIM_Base_Init
                0x080026ac       0x9e ./Drivers/STM32F1xx_HAL_Driver/Src/stm32f1xx_hal_tim.o
                0x080026ac                HAL_TIM_Base_Init
 *fill*         0x0800274a        0x2 
 .text.HAL_TIM_Base_Start_IT
                0x0800274c       0x98 ./Drivers/STM32F1xx_HAL_Driver/Src/stm32f1xx_hal_tim.o
                0x0800274c                HAL_TIM_Base_Start_IT
 .text.HAL_TIM_IRQHandler
                0x080027e4      0x1e0 ./Drivers/STM32F1xx_HAL_Driver/Src/stm32f1xx_hal_tim.o
                0x080027e4                HAL_TIM_IRQHandler
 .text.HAL_TIM_ConfigClockSource
                0x080029c4      0x18e ./Drivers/STM32F1xx_HAL_Driver/Src/stm32f1xx_hal_tim.o
                0x080029c4                HAL_TIM_ConfigClockSource
 .text.HAL_TIM_OC_DelayElapsedCallback
                0x08002b52       0x12 ./Drivers/STM32F1xx_HAL_Driver/Src/stm32f1xx_hal_tim.o
                0x08002b52                HAL_TIM_OC_DelayElapsedCallback
 .text.HAL_TIM_IC_CaptureCallback
                0x08002b64       0x12 ./Drivers/STM32F1xx_HAL_Driver/Src/stm32f1xx_hal_tim.o
                0x08002b64                HAL_TIM_IC_CaptureCallback
 .text.HAL_TIM_PWM_PulseFinishedCallback
                0x08002b76       0x12 ./Drivers/STM32F1xx_HAL_Driver/Src/stm32f1xx_hal_tim.o
                0x08002b76                HAL_TIM_PWM_PulseFinishedCallback
 .text.HAL_TIM_TriggerCallback
                0x08002b88       0x12 ./Drivers/STM32F1xx_HAL_Driver/Src/stm32f1xx_hal_tim.o
                0x08002b88                HAL_TIM_TriggerCallback
 *fill*         0x08002b9a        0x2 
 .text.TIM_Base_SetConfig
                0x08002b9c       0xc8 ./Drivers/STM32F1xx_HAL_Driver/Src/stm32f1xx_hal_tim.o
                0x08002b9c                TIM_Base_SetConfig
 .text.TIM_TI1_ConfigInputStage
                0x08002c64       0x5c ./Drivers/STM32F1xx_HAL_Driver/Src/stm32f1xx_hal_tim.o
 .text.TIM_TI2_ConfigInputStage
                0x08002cc0       0x5e ./Drivers/STM32F1xx_HAL_Driver/Src/stm32f1xx_hal_tim.o
 .text.TIM_ITRx_SetConfig
                0x08002d1e       0x34 ./Drivers/STM32F1xx_HAL_Driver/Src/stm32f1xx_hal_tim.o
 .text.TIM_ETR_SetConfig
                0x08002d52       0x3e ./Drivers/STM32F1xx_HAL_Driver/Src/stm32f1xx_hal_tim.o
                0x08002d52                TIM_ETR_SetConfig
 .text.HAL_TIMEx_MasterConfigSynchronization
                0x08002d90       0xb0 ./Drivers/STM32F1xx_HAL_Driver/Src/stm32f1xx_hal_tim_ex.o
                0x08002d90                HAL_TIMEx_MasterConfigSynchronization
 .text.HAL_TIMEx_CommutCallback
                0x08002e40       0x12 ./Drivers/STM32F1xx_HAL_Driver/Src/stm32f1xx_hal_tim_ex.o
                0x08002e40                HAL_TIMEx_CommutCallback
 .text.HAL_TIMEx_BreakCallback
                0x08002e52       0x12 ./Drivers/STM32F1xx_HAL_Driver/Src/stm32f1xx_hal_tim_ex.o
                0x08002e52                HAL_TIMEx_BreakCallback
 .text.HAL_UART_Init
                0x08002e64       0xa0 ./Drivers/STM32F1xx_HAL_Driver/Src/stm32f1xx_hal_uart.o
                0x08002e64                HAL_UART_Init
 .text.HAL_UART_Transmit
                0x08002f04      0x116 ./Drivers/STM32F1xx_HAL_Driver/Src/stm32f1xx_hal_uart.o
                0x08002f04                HAL_UART_Transmit
 .text.HAL_UART_Receive_IT
                0x0800301a       0x4a ./Drivers/STM32F1xx_HAL_Driver/Src/stm32f1xx_hal_uart.o
                0x0800301a                HAL_UART_Receive_IT
 .text.HAL_UART_IRQHandler
                0x08003064      0x524 ./Drivers/STM32F1xx_HAL_Driver/Src/stm32f1xx_hal_uart.o
                0x08003064                HAL_UART_IRQHandler
 .text.HAL_UART_TxCpltCallback
                0x08003588       0x12 ./Drivers/STM32F1xx_HAL_Driver/Src/stm32f1xx_hal_uart.o
                0x08003588                HAL_UART_TxCpltCallback
 .text.HAL_UART_ErrorCallback
                0x0800359a       0x12 ./Drivers/STM32F1xx_HAL_Driver/Src/stm32f1xx_hal_uart.o
                0x0800359a                HAL_UART_ErrorCallback
 .text.HAL_UARTEx_RxEventCallback
                0x080035ac       0x16 ./Drivers/STM32F1xx_HAL_Driver/Src/stm32f1xx_hal_uart.o
                0x080035ac                HAL_UARTEx_RxEventCallback
 .text.UART_WaitOnFlagUntilTimeout
                0x080035c2       0xb2 ./Drivers/STM32F1xx_HAL_Driver/Src/stm32f1xx_hal_uart.o
 .text.UART_Start_Receive_IT
                0x08003674       0x72 ./Drivers/STM32F1xx_HAL_Driver/Src/stm32f1xx_hal_uart.o
                0x08003674                UART_Start_Receive_IT
 .text.UART_EndRxTransfer
                0x080036e6       0xc4 ./Drivers/STM32F1xx_HAL_Driver/Src/stm32f1xx_hal_uart.o
 .text.UART_DMAAbortOnError
                0x080037aa       0x28 ./Drivers/STM32F1xx_HAL_Driver/Src/stm32f1xx_hal_uart.o
 .text.UART_Transmit_IT
                0x080037d2       0x9e ./Drivers/STM32F1xx_HAL_Driver/Src/stm32f1xx_hal_uart.o
 .text.UART_EndTransmit_IT
                0x08003870       0x30 ./Drivers/STM32F1xx_HAL_Driver/Src/stm32f1xx_hal_uart.o
 .text.UART_Receive_IT
                0x080038a0      0x17c ./Drivers/STM32F1xx_HAL_Driver/Src/stm32f1xx_hal_uart.o
 .text.UART_SetConfig
                0x08003a1c      0x11c ./Drivers/STM32F1xx_HAL_Driver/Src/stm32f1xx_hal_uart.o
 .text.sprintf  0x08003b38       0x44 C:/Users/taiko/App/en.st-stm32cubeide_1.17.0_23558_20241125_2245_x86_64.exe/STM32CubeIDE_1.17.0/STM32CubeIDE/plugins/com.st.stm32cube.ide.mcu.externaltools.gnu-tools-for-stm32.13.3.rel1.win32_1.0.0.202411081344/tools/bin/../lib/gcc/arm-none-eabi/13.3.1/../../../../arm-none-eabi/lib/thumb/v7-m/nofp\libc_nano.a(libc_a-sprintf.o)
                0x08003b38                siprintf
                0x08003b38                sprintf
 .text.memset   0x08003b7c       0x10 C:/Users/taiko/App/en.st-stm32cubeide_1.17.0_23558_20241125_2245_x86_64.exe/STM32CubeIDE_1.17.0/STM32CubeIDE/plugins/com.st.stm32cube.ide.mcu.externaltools.gnu-tools-for-stm32.13.3.rel1.win32_1.0.0.202411081344/tools/bin/../lib/gcc/arm-none-eabi/13.3.1/../../../../arm-none-eabi/lib/thumb/v7-m/nofp\libc_nano.a(libc_a-memset.o)
                0x08003b7c                memset
 .text.__errno  0x08003b8c        0xc C:/Users/taiko/App/en.st-stm32cubeide_1.17.0_23558_20241125_2245_x86_64.exe/STM32CubeIDE_1.17.0/STM32CubeIDE/plugins/com.st.stm32cube.ide.mcu.externaltools.gnu-tools-for-stm32.13.3.rel1.win32_1.0.0.202411081344/tools/bin/../lib/gcc/arm-none-eabi/13.3.1/../../../../arm-none-eabi/lib/thumb/v7-m/nofp\libc_nano.a(libc_a-errno.o)
                0x08003b8c                __errno
 .text.__libc_init_array
                0x08003b98       0x48 C:/Users/taiko/App/en.st-stm32cubeide_1.17.0_23558_20241125_2245_x86_64.exe/STM32CubeIDE_1.17.0/STM32CubeIDE/plugins/com.st.stm32cube.ide.mcu.externaltools.gnu-tools-for-stm32.13.3.rel1.win32_1.0.0.202411081344/tools/bin/../lib/gcc/arm-none-eabi/13.3.1/../../../../arm-none-eabi/lib/thumb/v7-m/nofp\libc_nano.a(libc_a-init.o)
                0x08003b98                __libc_init_array
 .text.__retarget_lock_acquire_recursive
                0x08003be0        0x2 C:/Users/taiko/App/en.st-stm32cubeide_1.17.0_23558_20241125_2245_x86_64.exe/STM32CubeIDE_1.17.0/STM32CubeIDE/plugins/com.st.stm32cube.ide.mcu.externaltools.gnu-tools-for-stm32.13.3.rel1.win32_1.0.0.202411081344/tools/bin/../lib/gcc/arm-none-eabi/13.3.1/../../../../arm-none-eabi/lib/thumb/v7-m/nofp\libc_nano.a(libc_a-lock.o)
                0x08003be0                __retarget_lock_acquire_recursive
 .text.__retarget_lock_release_recursive
                0x08003be2        0x2 C:/Users/taiko/App/en.st-stm32cubeide_1.17.0_23558_20241125_2245_x86_64.exe/STM32CubeIDE_1.17.0/STM32CubeIDE/plugins/com.st.stm32cube.ide.mcu.externaltools.gnu-tools-for-stm32.13.3.rel1.win32_1.0.0.202411081344/tools/bin/../lib/gcc/arm-none-eabi/13.3.1/../../../../arm-none-eabi/lib/thumb/v7-m/nofp\libc_nano.a(libc_a-lock.o)
                0x08003be2                __retarget_lock_release_recursive
 .text._free_r  0x08003be4       0x90 C:/Users/taiko/App/en.st-stm32cubeide_1.17.0_23558_20241125_2245_x86_64.exe/STM32CubeIDE_1.17.0/STM32CubeIDE/plugins/com.st.stm32cube.ide.mcu.externaltools.gnu-tools-for-stm32.13.3.rel1.win32_1.0.0.202411081344/tools/bin/../lib/gcc/arm-none-eabi/13.3.1/../../../../arm-none-eabi/lib/thumb/v7-m/nofp\libc_nano.a(libc_a-freer.o)
                0x08003be4                _free_r
 .text.sbrk_aligned
                0x08003c74       0x44 C:/Users/taiko/App/en.st-stm32cubeide_1.17.0_23558_20241125_2245_x86_64.exe/STM32CubeIDE_1.17.0/STM32CubeIDE/plugins/com.st.stm32cube.ide.mcu.externaltools.gnu-tools-for-stm32.13.3.rel1.win32_1.0.0.202411081344/tools/bin/../lib/gcc/arm-none-eabi/13.3.1/../../../../arm-none-eabi/lib/thumb/v7-m/nofp\libc_nano.a(libc_a-mallocr.o)
 .text._malloc_r
                0x08003cb8      0x100 C:/Users/taiko/App/en.st-stm32cubeide_1.17.0_23558_20241125_2245_x86_64.exe/STM32CubeIDE_1.17.0/STM32CubeIDE/plugins/com.st.stm32cube.ide.mcu.externaltools.gnu-tools-for-stm32.13.3.rel1.win32_1.0.0.202411081344/tools/bin/../lib/gcc/arm-none-eabi/13.3.1/../../../../arm-none-eabi/lib/thumb/v7-m/nofp\libc_nano.a(libc_a-mallocr.o)
                0x08003cb8                _malloc_r
 .text.__malloc_lock
                0x08003db8        0xc C:/Users/taiko/App/en.st-stm32cubeide_1.17.0_23558_20241125_2245_x86_64.exe/STM32CubeIDE_1.17.0/STM32CubeIDE/plugins/com.st.stm32cube.ide.mcu.externaltools.gnu-tools-for-stm32.13.3.rel1.win32_1.0.0.202411081344/tools/bin/../lib/gcc/arm-none-eabi/13.3.1/../../../../arm-none-eabi/lib/thumb/v7-m/nofp\libc_nano.a(libc_a-mlock.o)
                0x08003db8                __malloc_lock
 .text.__malloc_unlock
                0x08003dc4        0xc C:/Users/taiko/App/en.st-stm32cubeide_1.17.0_23558_20241125_2245_x86_64.exe/STM32CubeIDE_1.17.0/STM32CubeIDE/plugins/com.st.stm32cube.ide.mcu.externaltools.gnu-tools-for-stm32.13.3.rel1.win32_1.0.0.202411081344/tools/bin/../lib/gcc/arm-none-eabi/13.3.1/../../../../arm-none-eabi/lib/thumb/v7-m/nofp\libc_nano.a(libc_a-mlock.o)
                0x08003dc4                __malloc_unlock
 .text.__ssputs_r
                0x08003dd0       0xb6 C:/Users/taiko/App/en.st-stm32cubeide_1.17.0_23558_20241125_2245_x86_64.exe/STM32CubeIDE_1.17.0/STM32CubeIDE/plugins/com.st.stm32cube.ide.mcu.externaltools.gnu-tools-for-stm32.13.3.rel1.win32_1.0.0.202411081344/tools/bin/../lib/gcc/arm-none-eabi/13.3.1/../../../../arm-none-eabi/lib/thumb/v7-m/nofp\libc_nano.a(libc_a-nano-svfprintf.o)
                0x08003dd0                __ssputs_r
 *fill*         0x08003e86        0x2 
 .text._svfprintf_r
                0x08003e88      0x1f8 C:/Users/taiko/App/en.st-stm32cubeide_1.17.0_23558_20241125_2245_x86_64.exe/STM32CubeIDE_1.17.0/STM32CubeIDE/plugins/com.st.stm32cube.ide.mcu.externaltools.gnu-tools-for-stm32.13.3.rel1.win32_1.0.0.202411081344/tools/bin/../lib/gcc/arm-none-eabi/13.3.1/../../../../arm-none-eabi/lib/thumb/v7-m/nofp\libc_nano.a(libc_a-nano-svfprintf.o)
                0x08003e88                _svfiprintf_r
                0x08003e88                _svfprintf_r
 .text._printf_common
                0x08004080       0xe4 C:/Users/taiko/App/en.st-stm32cubeide_1.17.0_23558_20241125_2245_x86_64.exe/STM32CubeIDE_1.17.0/STM32CubeIDE/plugins/com.st.stm32cube.ide.mcu.externaltools.gnu-tools-for-stm32.13.3.rel1.win32_1.0.0.202411081344/tools/bin/../lib/gcc/arm-none-eabi/13.3.1/../../../../arm-none-eabi/lib/thumb/v7-m/nofp\libc_nano.a(libc_a-nano-vfprintf_i.o)
                0x08004080                _printf_common
 .text._printf_i
                0x08004164      0x23c C:/Users/taiko/App/en.st-stm32cubeide_1.17.0_23558_20241125_2245_x86_64.exe/STM32CubeIDE_1.17.0/STM32CubeIDE/plugins/com.st.stm32cube.ide.mcu.externaltools.gnu-tools-for-stm32.13.3.rel1.win32_1.0.0.202411081344/tools/bin/../lib/gcc/arm-none-eabi/13.3.1/../../../../arm-none-eabi/lib/thumb/v7-m/nofp\libc_nano.a(libc_a-nano-vfprintf_i.o)
                0x08004164                _printf_i
 .text.memmove  0x080043a0       0x34 C:/Users/taiko/App/en.st-stm32cubeide_1.17.0_23558_20241125_2245_x86_64.exe/STM32CubeIDE_1.17.0/STM32CubeIDE/plugins/com.st.stm32cube.ide.mcu.externaltools.gnu-tools-for-stm32.13.3.rel1.win32_1.0.0.202411081344/tools/bin/../lib/gcc/arm-none-eabi/13.3.1/../../../../arm-none-eabi/lib/thumb/v7-m/nofp\libc_nano.a(libc_a-memmove.o)
                0x080043a0                memmove
 .text._sbrk_r  0x080043d4       0x20 C:/Users/taiko/App/en.st-stm32cubeide_1.17.0_23558_20241125_2245_x86_64.exe/STM32CubeIDE_1.17.0/STM32CubeIDE/plugins/com.st.stm32cube.ide.mcu.externaltools.gnu-tools-for-stm32.13.3.rel1.win32_1.0.0.202411081344/tools/bin/../lib/gcc/arm-none-eabi/13.3.1/../../../../arm-none-eabi/lib/thumb/v7-m/nofp\libc_nano.a(libc_a-sbrkr.o)
                0x080043d4                _sbrk_r
 .text.memchr   0x080043f4       0x1c C:/Users/taiko/App/en.st-stm32cubeide_1.17.0_23558_20241125_2245_x86_64.exe/STM32CubeIDE_1.17.0/STM32CubeIDE/plugins/com.st.stm32cube.ide.mcu.externaltools.gnu-tools-for-stm32.13.3.rel1.win32_1.0.0.202411081344/tools/bin/../lib/gcc/arm-none-eabi/13.3.1/../../../../arm-none-eabi/lib/thumb/v7-m/nofp\libc_nano.a(libc_a-memchr-stub.o)
                0x080043f4                memchr
 .text.memcpy   0x08004410       0x1c C:/Users/taiko/App/en.st-stm32cubeide_1.17.0_23558_20241125_2245_x86_64.exe/STM32CubeIDE_1.17.0/STM32CubeIDE/plugins/com.st.stm32cube.ide.mcu.externaltools.gnu-tools-for-stm32.13.3.rel1.win32_1.0.0.202411081344/tools/bin/../lib/gcc/arm-none-eabi/13.3.1/../../../../arm-none-eabi/lib/thumb/v7-m/nofp\libc_nano.a(libc_a-memcpy-stub.o)
                0x08004410                memcpy
 .text._realloc_r
                0x0800442c       0x5c C:/Users/taiko/App/en.st-stm32cubeide_1.17.0_23558_20241125_2245_x86_64.exe/STM32CubeIDE_1.17.0/STM32CubeIDE/plugins/com.st.stm32cube.ide.mcu.externaltools.gnu-tools-for-stm32.13.3.rel1.win32_1.0.0.202411081344/tools/bin/../lib/gcc/arm-none-eabi/13.3.1/../../../../arm-none-eabi/lib/thumb/v7-m/nofp\libc_nano.a(libc_a-reallocr.o)
                0x0800442c                _realloc_r
 .text._malloc_usable_size_r
                0x08004488       0x10 C:/Users/taiko/App/en.st-stm32cubeide_1.17.0_23558_20241125_2245_x86_64.exe/STM32CubeIDE_1.17.0/STM32CubeIDE/plugins/com.st.stm32cube.ide.mcu.externaltools.gnu-tools-for-stm32.13.3.rel1.win32_1.0.0.202411081344/tools/bin/../lib/gcc/arm-none-eabi/13.3.1/../../../../arm-none-eabi/lib/thumb/v7-m/nofp\libc_nano.a(libc_a-msizer.o)
                0x08004488                _malloc_usable_size_r
 *(.glue_7)
 .glue_7        0x08004498        0x0 linker stubs
 *(.glue_7t)
 .glue_7t       0x08004498        0x0 linker stubs
 *(.eh_frame)
 .eh_frame      0x08004498        0x0 C:/Users/taiko/App/en.st-stm32cubeide_1.17.0_23558_20241125_2245_x86_64.exe/STM32CubeIDE_1.17.0/STM32CubeIDE/plugins/com.st.stm32cube.ide.mcu.externaltools.gnu-tools-for-stm32.13.3.rel1.win32_1.0.0.202411081344/tools/bin/../lib/gcc/arm-none-eabi/13.3.1/thumb/v7-m/nofp/crtbegin.o
 *(.init)
 .init          0x08004498        0x4 C:/Users/taiko/App/en.st-stm32cubeide_1.17.0_23558_20241125_2245_x86_64.exe/STM32CubeIDE_1.17.0/STM32CubeIDE/plugins/com.st.stm32cube.ide.mcu.externaltools.gnu-tools-for-stm32.13.3.rel1.win32_1.0.0.202411081344/tools/bin/../lib/gcc/arm-none-eabi/13.3.1/thumb/v7-m/nofp/crti.o
                0x08004498                _init
 .init          0x0800449c        0x8 C:/Users/taiko/App/en.st-stm32cubeide_1.17.0_23558_20241125_2245_x86_64.exe/STM32CubeIDE_1.17.0/STM32CubeIDE/plugins/com.st.stm32cube.ide.mcu.externaltools.gnu-tools-for-stm32.13.3.rel1.win32_1.0.0.202411081344/tools/bin/../lib/gcc/arm-none-eabi/13.3.1/thumb/v7-m/nofp/crtn.o
 *(.fini)
 .fini          0x080044a4        0x4 C:/Users/taiko/App/en.st-stm32cubeide_1.17.0_23558_20241125_2245_x86_64.exe/STM32CubeIDE_1.17.0/STM32CubeIDE/plugins/com.st.stm32cube.ide.mcu.externaltools.gnu-tools-for-stm32.13.3.rel1.win32_1.0.0.202411081344/tools/bin/../lib/gcc/arm-none-eabi/13.3.1/thumb/v7-m/nofp/crti.o
                0x080044a4                _fini
 .fini          0x080044a8        0x8 C:/Users/taiko/App/en.st-stm32cubeide_1.17.0_23558_20241125_2245_x86_64.exe/STM32CubeIDE_1.17.0/STM32CubeIDE/plugins/com.st.stm32cube.ide.mcu.externaltools.gnu-tools-for-stm32.13.3.rel1.win32_1.0.0.202411081344/tools/bin/../lib/gcc/arm-none-eabi/13.3.1/thumb/v7-m/nofp/crtn.o
                0x080044b0                        . = ALIGN (0x4)
                0x080044b0                        _etext = .

.vfp11_veneer   0x080044b0        0x0
 .vfp11_veneer  0x080044b0        0x0 linker stubs

.v4_bx          0x080044b0        0x0
 .v4_bx         0x080044b0        0x0 linker stubs

.iplt           0x080044b0        0x0
 .iplt          0x080044b0        0x0 C:/Users/taiko/App/en.st-stm32cubeide_1.17.0_23558_20241125_2245_x86_64.exe/STM32CubeIDE_1.17.0/STM32CubeIDE/plugins/com.st.stm32cube.ide.mcu.externaltools.gnu-tools-for-stm32.13.3.rel1.win32_1.0.0.202411081344/tools/bin/../lib/gcc/arm-none-eabi/13.3.1/thumb/v7-m/nofp/crtbegin.o

.rodata         0x080044b0       0x6c
                0x080044b0                        . = ALIGN (0x4)
 *(.rodata)
 .rodata        0x080044b0        0xc ./Core/Src/uart_adc.o
 *(.rodata*)
 .rodata.AHBPrescTable
                0x080044bc       0x10 ./Core/Src/system_stm32f1xx.o
                0x080044bc                AHBPrescTable
 .rodata.APBPrescTable
                0x080044cc        0x8 ./Core/Src/system_stm32f1xx.o
                0x080044cc                APBPrescTable
 .rodata.aPLLMULFactorTable.1
                0x080044d4       0x10 ./Drivers/STM32F1xx_HAL_Driver/Src/stm32f1xx_hal_rcc.o
 .rodata.aPredivFactorTable.0
                0x080044e4        0x2 ./Drivers/STM32F1xx_HAL_Driver/Src/stm32f1xx_hal_rcc.o
 .rodata._svfprintf_r.str1.1
                0x080044e6       0x33 C:/Users/taiko/App/en.st-stm32cubeide_1.17.0_23558_20241125_2245_x86_64.exe/STM32CubeIDE_1.17.0/STM32CubeIDE/plugins/com.st.stm32cube.ide.mcu.externaltools.gnu-tools-for-stm32.13.3.rel1.win32_1.0.0.202411081344/tools/bin/../lib/gcc/arm-none-eabi/13.3.1/../../../../arm-none-eabi/lib/thumb/v7-m/nofp\libc_nano.a(libc_a-nano-svfprintf.o)
                                 0x11 (size before relaxing)
 .rodata._printf_i.str1.1
                0x08004519       0x22 C:/Users/taiko/App/en.st-stm32cubeide_1.17.0_23558_20241125_2245_x86_64.exe/STM32CubeIDE_1.17.0/STM32CubeIDE/plugins/com.st.stm32cube.ide.mcu.externaltools.gnu-tools-for-stm32.13.3.rel1.win32_1.0.0.202411081344/tools/bin/../lib/gcc/arm-none-eabi/13.3.1/../../../../arm-none-eabi/lib/thumb/v7-m/nofp\libc_nano.a(libc_a-nano-vfprintf_i.o)
                0x0800453c                        . = ALIGN (0x4)
 *fill*         0x08004519        0x3 

.ARM.extab      0x0800451c        0x0
                0x0800451c                        . = ALIGN (0x4)
 *(.ARM.extab* .gnu.linkonce.armextab.*)
                0x0800451c                        . = ALIGN (0x4)

.ARM            0x0800451c        0x0
                0x0800451c                        . = ALIGN (0x4)
                0x0800451c                        __exidx_start = .
 *(.ARM.exidx*)
                0x0800451c                        __exidx_end = .
                0x0800451c                        . = ALIGN (0x4)

.preinit_array  0x0800451c        0x0
                0x0800451c                        . = ALIGN (0x4)
                0x0800451c                        PROVIDE (__preinit_array_start = .)
 *(.preinit_array*)
                0x0800451c                        PROVIDE (__preinit_array_end = .)
                0x0800451c                        . = ALIGN (0x4)

.init_array     0x0800451c        0x4
                0x0800451c                        . = ALIGN (0x4)
                0x0800451c                        PROVIDE (__init_array_start = .)
 *(SORT_BY_NAME(.init_array.*))
 *(.init_array*)
 .init_array    0x0800451c        0x4 C:/Users/taiko/App/en.st-stm32cubeide_1.17.0_23558_20241125_2245_x86_64.exe/STM32CubeIDE_1.17.0/STM32CubeIDE/plugins/com.st.stm32cube.ide.mcu.externaltools.gnu-tools-for-stm32.13.3.rel1.win32_1.0.0.202411081344/tools/bin/../lib/gcc/arm-none-eabi/13.3.1/thumb/v7-m/nofp/crtbegin.o
                0x08004520                        PROVIDE (__init_array_end = .)
                0x08004520                        . = ALIGN (0x4)

.fini_array     0x08004520        0x4
                0x08004520                        . = ALIGN (0x4)
                [!provide]                        PROVIDE (__fini_array_start = .)
 *(SORT_BY_NAME(.fini_array.*))
 *(.fini_array*)
 .fini_array    0x08004520        0x4 C:/Users/taiko/App/en.st-stm32cubeide_1.17.0_23558_20241125_2245_x86_64.exe/STM32CubeIDE_1.17.0/STM32CubeIDE/plugins/com.st.stm32cube.ide.mcu.externaltools.gnu-tools-for-stm32.13.3.rel1.win32_1.0.0.202411081344/tools/bin/../lib/gcc/arm-none-eabi/13.3.1/thumb/v7-m/nofp/crtbegin.o
                [!provide]                        PROVIDE (__fini_array_end = .)
                0x08004524                        . = ALIGN (0x4)
                0x08004524                        _sidata = LOADADDR (.data)

.rel.dyn        0x08004524        0x0
 .rel.iplt      0x08004524        0x0 C:/Users/taiko/App/en.st-stm32cubeide_1.17.0_23558_20241125_2245_x86_64.exe/STM32CubeIDE_1.17.0/STM32CubeIDE/plugins/com.st.stm32cube.ide.mcu.externaltools.gnu-tools-for-stm32.13.3.rel1.win32_1.0.0.202411081344/tools/bin/../lib/gcc/arm-none-eabi/13.3.1/thumb/v7-m/nofp/crtbegin.o

.data           0x20000000       0x60 load address 0x08004524
                0x20000000                        . = ALIGN (0x4)
                0x20000000                        _sdata = .
 *(.data)
 *(.data*)
 .data.Task_ID  0x20000000        0x4 ./Core/Src/SCH.o
                0x20000000                Task_ID
 .data.SystemCoreClock
                0x20000004        0x4 ./Core/Src/system_stm32f1xx.o
                0x20000004                SystemCoreClock
 .data.uwTickPrio
                0x20000008        0x4 ./Drivers/STM32F1xx_HAL_Driver/Src/stm32f1xx_hal.o
                0x20000008                uwTickPrio
 .data.uwTickFreq
                0x2000000c        0x1 ./Drivers/STM32F1xx_HAL_Driver/Src/stm32f1xx_hal.o
                0x2000000c                uwTickFreq
 *fill*         0x2000000d        0x3 
 .data._impure_ptr
                0x20000010        0x4 C:/Users/taiko/App/en.st-stm32cubeide_1.17.0_23558_20241125_2245_x86_64.exe/STM32CubeIDE_1.17.0/STM32CubeIDE/plugins/com.st.stm32cube.ide.mcu.externaltools.gnu-tools-for-stm32.13.3.rel1.win32_1.0.0.202411081344/tools/bin/../lib/gcc/arm-none-eabi/13.3.1/../../../../arm-none-eabi/lib/thumb/v7-m/nofp\libc_nano.a(libc_a-impure.o)
                0x20000010                _impure_ptr
 .data._impure_data
                0x20000014       0x4c C:/Users/taiko/App/en.st-stm32cubeide_1.17.0_23558_20241125_2245_x86_64.exe/STM32CubeIDE_1.17.0/STM32CubeIDE/plugins/com.st.stm32cube.ide.mcu.externaltools.gnu-tools-for-stm32.13.3.rel1.win32_1.0.0.202411081344/tools/bin/../lib/gcc/arm-none-eabi/13.3.1/../../../../arm-none-eabi/lib/thumb/v7-m/nofp\libc_nano.a(libc_a-impure.o)
                0x20000014                _impure_data
 *(.RamFunc)
 *(.RamFunc*)
                0x20000060                        . = ALIGN (0x4)
                0x20000060                        _edata = .

.igot.plt       0x20000060        0x0 load address 0x08004584
 .igot.plt      0x20000060        0x0 C:/Users/taiko/App/en.st-stm32cubeide_1.17.0_23558_20241125_2245_x86_64.exe/STM32CubeIDE_1.17.0/STM32CubeIDE/plugins/com.st.stm32cube.ide.mcu.externaltools.gnu-tools-for-stm32.13.3.rel1.win32_1.0.0.202411081344/tools/bin/../lib/gcc/arm-none-eabi/13.3.1/thumb/v7-m/nofp/crtbegin.o
                0x20000060                        . = ALIGN (0x4)

.bss            0x20000060      0x63c load address 0x08004584
                0x20000060                        _sbss = .
                0x20000060                        __bss_start__ = _sbss
 *(.bss)
 .bss           0x20000060       0x1c C:/Users/taiko/App/en.st-stm32cubeide_1.17.0_23558_20241125_2245_x86_64.exe/STM32CubeIDE_1.17.0/STM32CubeIDE/plugins/com.st.stm32cube.ide.mcu.externaltools.gnu-tools-for-stm32.13.3.rel1.win32_1.0.0.202411081344/tools/bin/../lib/gcc/arm-none-eabi/13.3.1/thumb/v7-m/nofp/crtbegin.o
 *(.bss*)
 .bss.Task_cnt  0x2000007c        0x1 ./Core/Src/SCH.o
                0x2000007c                Task_cnt
 *fill*         0x2000007d        0x3 
 .bss.task_arr  0x20000080       0xa0 ./Core/Src/SCH.o
                0x20000080                task_arr
 .bss.SCH_tasks_G
                0x20000120      0x320 ./Core/Src/SCH.o
                0x20000120                SCH_tasks_G
 .bss.hadc1     0x20000440       0x30 ./Core/Src/adc.o
                0x20000440                hadc1
 .bss.__sbrk_heap_end
                0x20000470        0x4 ./Core/Src/sysmem.o
 .bss.htim2     0x20000474       0x48 ./Core/Src/tim.o
                0x20000474                htim2
 .bss.parser_status
                0x200004bc        0x1 ./Core/Src/uart_adc.o
                0x200004bc                parser_status
 *fill*         0x200004bd        0x3 
 .bss.buffer    0x200004c0       0x1e ./Core/Src/uart_adc.o
                0x200004c0                buffer
 .bss.temp      0x200004de        0x1 ./Core/Src/uart_adc.o
                0x200004de                temp
 .bss.command_index
                0x200004df        0x1 ./Core/Src/uart_adc.o
                0x200004df                command_index
 .bss.com_status
                0x200004e0        0x1 ./Core/Src/uart_adc.o
                0x200004e0                com_status
 .bss.buffer_flag
                0x200004e1        0x1 ./Core/Src/uart_adc.o
                0x200004e1                buffer_flag
 .bss.ADC_val   0x200004e2        0x2 ./Core/Src/uart_adc.o
                0x200004e2                ADC_val
 .bss.old_ADC_val
                0x200004e4        0x2 ./Core/Src/uart_adc.o
                0x200004e4                old_ADC_val
 .bss.com_cnt   0x200004e6        0x2 ./Core/Src/uart_adc.o
                0x200004e6                com_cnt
 .bss.str_response
                0x200004e8       0x1e ./Core/Src/uart_adc.o
                0x200004e8                str_response
 *fill*         0x20000506        0x2 
 .bss.huart2    0x20000508       0x48 ./Core/Src/usart.o
                0x20000508                huart2
 .bss.uwTick    0x20000550        0x4 ./Drivers/STM32F1xx_HAL_Driver/Src/stm32f1xx_hal.o
                0x20000550                uwTick
 .bss.__sf      0x20000554      0x138 C:/Users/taiko/App/en.st-stm32cubeide_1.17.0_23558_20241125_2245_x86_64.exe/STM32CubeIDE_1.17.0/STM32CubeIDE/plugins/com.st.stm32cube.ide.mcu.externaltools.gnu-tools-for-stm32.13.3.rel1.win32_1.0.0.202411081344/tools/bin/../lib/gcc/arm-none-eabi/13.3.1/../../../../arm-none-eabi/lib/thumb/v7-m/nofp\libc_nano.a(libc_a-findfp.o)
                0x20000554                __sf
 .bss.errno     0x2000068c        0x4 C:/Users/taiko/App/en.st-stm32cubeide_1.17.0_23558_20241125_2245_x86_64.exe/STM32CubeIDE_1.17.0/STM32CubeIDE/plugins/com.st.stm32cube.ide.mcu.externaltools.gnu-tools-for-stm32.13.3.rel1.win32_1.0.0.202411081344/tools/bin/../lib/gcc/arm-none-eabi/13.3.1/../../../../arm-none-eabi/lib/thumb/v7-m/nofp\libc_nano.a(libc_a-reent.o)
                0x2000068c                errno
 .bss.__lock___malloc_recursive_mutex
                0x20000690        0x1 C:/Users/taiko/App/en.st-stm32cubeide_1.17.0_23558_20241125_2245_x86_64.exe/STM32CubeIDE_1.17.0/STM32CubeIDE/plugins/com.st.stm32cube.ide.mcu.externaltools.gnu-tools-for-stm32.13.3.rel1.win32_1.0.0.202411081344/tools/bin/../lib/gcc/arm-none-eabi/13.3.1/../../../../arm-none-eabi/lib/thumb/v7-m/nofp\libc_nano.a(libc_a-lock.o)
                0x20000690                __lock___malloc_recursive_mutex
 *fill*         0x20000691        0x3 
 .bss.__malloc_sbrk_start
                0x20000694        0x4 C:/Users/taiko/App/en.st-stm32cubeide_1.17.0_23558_20241125_2245_x86_64.exe/STM32CubeIDE_1.17.0/STM32CubeIDE/plugins/com.st.stm32cube.ide.mcu.externaltools.gnu-tools-for-stm32.13.3.rel1.win32_1.0.0.202411081344/tools/bin/../lib/gcc/arm-none-eabi/13.3.1/../../../../arm-none-eabi/lib/thumb/v7-m/nofp\libc_nano.a(libc_a-mallocr.o)
                0x20000694                __malloc_sbrk_start
 .bss.__malloc_free_list
                0x20000698        0x4 C:/Users/taiko/App/en.st-stm32cubeide_1.17.0_23558_20241125_2245_x86_64.exe/STM32CubeIDE_1.17.0/STM32CubeIDE/plugins/com.st.stm32cube.ide.mcu.externaltools.gnu-tools-for-stm32.13.3.rel1.win32_1.0.0.202411081344/tools/bin/../lib/gcc/arm-none-eabi/13.3.1/../../../../arm-none-eabi/lib/thumb/v7-m/nofp\libc_nano.a(libc_a-mallocr.o)
                0x20000698                __malloc_free_list
 *(COMMON)
                0x2000069c                        . = ALIGN (0x4)
                0x2000069c                        _ebss = .
                0x2000069c                        __bss_end__ = _ebss

._user_heap_stack
                0x2000069c      0x604 load address 0x08004584
                0x200006a0                        . = ALIGN (0x8)
 *fill*         0x2000069c        0x4 
                [!provide]                        PROVIDE (end = .)
                0x200006a0                        PROVIDE (_end = .)
                0x200008a0                        . = (. + _Min_Heap_Size)
 *fill*         0x200006a0      0x200 
                0x20000ca0                        . = (. + _Min_Stack_Size)
 *fill*         0x200008a0      0x400 
                0x20000ca0                        . = ALIGN (0x8)

/DISCARD/
 libc.a(*)
 libm.a(*)
 libgcc.a(*)

.ARM.attributes
                0x00000000       0x29
 *(.ARM.attributes)
 .ARM.attributes
                0x00000000       0x1d C:/Users/taiko/App/en.st-stm32cubeide_1.17.0_23558_20241125_2245_x86_64.exe/STM32CubeIDE_1.17.0/STM32CubeIDE/plugins/com.st.stm32cube.ide.mcu.externaltools.gnu-tools-for-stm32.13.3.rel1.win32_1.0.0.202411081344/tools/bin/../lib/gcc/arm-none-eabi/13.3.1/thumb/v7-m/nofp/crti.o
 .ARM.attributes
                0x0000001d       0x2d C:/Users/taiko/App/en.st-stm32cubeide_1.17.0_23558_20241125_2245_x86_64.exe/STM32CubeIDE_1.17.0/STM32CubeIDE/plugins/com.st.stm32cube.ide.mcu.externaltools.gnu-tools-for-stm32.13.3.rel1.win32_1.0.0.202411081344/tools/bin/../lib/gcc/arm-none-eabi/13.3.1/thumb/v7-m/nofp/crtbegin.o
 .ARM.attributes
                0x0000004a       0x2d ./Core/Src/SCH.o
 .ARM.attributes
                0x00000077       0x2d ./Core/Src/adc.o
 .ARM.attributes
                0x000000a4       0x2d ./Core/Src/gpio.o
 .ARM.attributes
                0x000000d1       0x2d ./Core/Src/main.o
 .ARM.attributes
                0x000000fe       0x2d ./Core/Src/stm32f1xx_hal_msp.o
 .ARM.attributes
                0x0000012b       0x2d ./Core/Src/stm32f1xx_it.o
 .ARM.attributes
                0x00000158       0x2d ./Core/Src/sysmem.o
 .ARM.attributes
                0x00000185       0x2d ./Core/Src/system_stm32f1xx.o
 .ARM.attributes
                0x000001b2       0x2d ./Core/Src/tim.o
 .ARM.attributes
                0x000001df       0x2d ./Core/Src/uart_adc.o
 .ARM.attributes
                0x0000020c       0x2d ./Core/Src/usart.o
 .ARM.attributes
                0x00000239       0x21 ./Core/Startup/startup_stm32f103c6ux.o
 .ARM.attributes
                0x0000025a       0x2d ./Drivers/STM32F1xx_HAL_Driver/Src/stm32f1xx_hal.o
 .ARM.attributes
                0x00000287       0x2d ./Drivers/STM32F1xx_HAL_Driver/Src/stm32f1xx_hal_adc.o
 .ARM.attributes
                0x000002b4       0x2d ./Drivers/STM32F1xx_HAL_Driver/Src/stm32f1xx_hal_cortex.o
 .ARM.attributes
                0x000002e1       0x2d ./Drivers/STM32F1xx_HAL_Driver/Src/stm32f1xx_hal_dma.o
 .ARM.attributes
                0x0000030e       0x2d ./Drivers/STM32F1xx_HAL_Driver/Src/stm32f1xx_hal_gpio.o
 .ARM.attributes
                0x0000033b       0x2d ./Drivers/STM32F1xx_HAL_Driver/Src/stm32f1xx_hal_rcc.o
 .ARM.attributes
                0x00000368       0x2d ./Drivers/STM32F1xx_HAL_Driver/Src/stm32f1xx_hal_rcc_ex.o
 .ARM.attributes
                0x00000395       0x2d ./Drivers/STM32F1xx_HAL_Driver/Src/stm32f1xx_hal_tim.o
 .ARM.attributes
                0x000003c2       0x2d ./Drivers/STM32F1xx_HAL_Driver/Src/stm32f1xx_hal_tim_ex.o
 .ARM.attributes
                0x000003ef       0x2d ./Drivers/STM32F1xx_HAL_Driver/Src/stm32f1xx_hal_uart.o
 .ARM.attributes
                0x0000041c       0x2d C:/Users/taiko/App/en.st-stm32cubeide_1.17.0_23558_20241125_2245_x86_64.exe/STM32CubeIDE_1.17.0/STM32CubeIDE/plugins/com.st.stm32cube.ide.mcu.externaltools.gnu-tools-for-stm32.13.3.rel1.win32_1.0.0.202411081344/tools/bin/../lib/gcc/arm-none-eabi/13.3.1/../../../../arm-none-eabi/lib/thumb/v7-m/nofp\libc_nano.a(libc_a-findfp.o)
 .ARM.attributes
                0x00000449       0x2d C:/Users/taiko/App/en.st-stm32cubeide_1.17.0_23558_20241125_2245_x86_64.exe/STM32CubeIDE_1.17.0/STM32CubeIDE/plugins/com.st.stm32cube.ide.mcu.externaltools.gnu-tools-for-stm32.13.3.rel1.win32_1.0.0.202411081344/tools/bin/../lib/gcc/arm-none-eabi/13.3.1/../../../../arm-none-eabi/lib/thumb/v7-m/nofp\libc_nano.a(libc_a-sprintf.o)
 .ARM.attributes
                0x00000476       0x2d C:/Users/taiko/App/en.st-stm32cubeide_1.17.0_23558_20241125_2245_x86_64.exe/STM32CubeIDE_1.17.0/STM32CubeIDE/plugins/com.st.stm32cube.ide.mcu.externaltools.gnu-tools-for-stm32.13.3.rel1.win32_1.0.0.202411081344/tools/bin/../lib/gcc/arm-none-eabi/13.3.1/../../../../arm-none-eabi/lib/thumb/v7-m/nofp\libc_nano.a(libc_a-memset.o)
 .ARM.attributes
                0x000004a3       0x2d C:/Users/taiko/App/en.st-stm32cubeide_1.17.0_23558_20241125_2245_x86_64.exe/STM32CubeIDE_1.17.0/STM32CubeIDE/plugins/com.st.stm32cube.ide.mcu.externaltools.gnu-tools-for-stm32.13.3.rel1.win32_1.0.0.202411081344/tools/bin/../lib/gcc/arm-none-eabi/13.3.1/../../../../arm-none-eabi/lib/thumb/v7-m/nofp\libc_nano.a(libc_a-reent.o)
 .ARM.attributes
                0x000004d0       0x2d C:/Users/taiko/App/en.st-stm32cubeide_1.17.0_23558_20241125_2245_x86_64.exe/STM32CubeIDE_1.17.0/STM32CubeIDE/plugins/com.st.stm32cube.ide.mcu.externaltools.gnu-tools-for-stm32.13.3.rel1.win32_1.0.0.202411081344/tools/bin/../lib/gcc/arm-none-eabi/13.3.1/../../../../arm-none-eabi/lib/thumb/v7-m/nofp\libc_nano.a(libc_a-impure.o)
 .ARM.attributes
                0x000004fd       0x2d C:/Users/taiko/App/en.st-stm32cubeide_1.17.0_23558_20241125_2245_x86_64.exe/STM32CubeIDE_1.17.0/STM32CubeIDE/plugins/com.st.stm32cube.ide.mcu.externaltools.gnu-tools-for-stm32.13.3.rel1.win32_1.0.0.202411081344/tools/bin/../lib/gcc/arm-none-eabi/13.3.1/../../../../arm-none-eabi/lib/thumb/v7-m/nofp\libc_nano.a(libc_a-errno.o)
 .ARM.attributes
                0x0000052a       0x2d C:/Users/taiko/App/en.st-stm32cubeide_1.17.0_23558_20241125_2245_x86_64.exe/STM32CubeIDE_1.17.0/STM32CubeIDE/plugins/com.st.stm32cube.ide.mcu.externaltools.gnu-tools-for-stm32.13.3.rel1.win32_1.0.0.202411081344/tools/bin/../lib/gcc/arm-none-eabi/13.3.1/../../../../arm-none-eabi/lib/thumb/v7-m/nofp\libc_nano.a(libc_a-init.o)
 .ARM.attributes
                0x00000557       0x2d C:/Users/taiko/App/en.st-stm32cubeide_1.17.0_23558_20241125_2245_x86_64.exe/STM32CubeIDE_1.17.0/STM32CubeIDE/plugins/com.st.stm32cube.ide.mcu.externaltools.gnu-tools-for-stm32.13.3.rel1.win32_1.0.0.202411081344/tools/bin/../lib/gcc/arm-none-eabi/13.3.1/../../../../arm-none-eabi/lib/thumb/v7-m/nofp\libc_nano.a(libc_a-lock.o)
 .ARM.attributes
                0x00000584       0x2d C:/Users/taiko/App/en.st-stm32cubeide_1.17.0_23558_20241125_2245_x86_64.exe/STM32CubeIDE_1.17.0/STM32CubeIDE/plugins/com.st.stm32cube.ide.mcu.externaltools.gnu-tools-for-stm32.13.3.rel1.win32_1.0.0.202411081344/tools/bin/../lib/gcc/arm-none-eabi/13.3.1/../../../../arm-none-eabi/lib/thumb/v7-m/nofp\libc_nano.a(libc_a-freer.o)
 .ARM.attributes
                0x000005b1       0x2d C:/Users/taiko/App/en.st-stm32cubeide_1.17.0_23558_20241125_2245_x86_64.exe/STM32CubeIDE_1.17.0/STM32CubeIDE/plugins/com.st.stm32cube.ide.mcu.externaltools.gnu-tools-for-stm32.13.3.rel1.win32_1.0.0.202411081344/tools/bin/../lib/gcc/arm-none-eabi/13.3.1/../../../../arm-none-eabi/lib/thumb/v7-m/nofp\libc_nano.a(libc_a-mallocr.o)
 .ARM.attributes
                0x000005de       0x2d C:/Users/taiko/App/en.st-stm32cubeide_1.17.0_23558_20241125_2245_x86_64.exe/STM32CubeIDE_1.17.0/STM32CubeIDE/plugins/com.st.stm32cube.ide.mcu.externaltools.gnu-tools-for-stm32.13.3.rel1.win32_1.0.0.202411081344/tools/bin/../lib/gcc/arm-none-eabi/13.3.1/../../../../arm-none-eabi/lib/thumb/v7-m/nofp\libc_nano.a(libc_a-mlock.o)
 .ARM.attributes
                0x0000060b       0x2d C:/Users/taiko/App/en.st-stm32cubeide_1.17.0_23558_20241125_2245_x86_64.exe/STM32CubeIDE_1.17.0/STM32CubeIDE/plugins/com.st.stm32cube.ide.mcu.externaltools.gnu-tools-for-stm32.13.3.rel1.win32_1.0.0.202411081344/tools/bin/../lib/gcc/arm-none-eabi/13.3.1/../../../../arm-none-eabi/lib/thumb/v7-m/nofp\libc_nano.a(libc_a-nano-svfprintf.o)
 .ARM.attributes
                0x00000638       0x2d C:/Users/taiko/App/en.st-stm32cubeide_1.17.0_23558_20241125_2245_x86_64.exe/STM32CubeIDE_1.17.0/STM32CubeIDE/plugins/com.st.stm32cube.ide.mcu.externaltools.gnu-tools-for-stm32.13.3.rel1.win32_1.0.0.202411081344/tools/bin/../lib/gcc/arm-none-eabi/13.3.1/../../../../arm-none-eabi/lib/thumb/v7-m/nofp\libc_nano.a(libc_a-nano-vfprintf_i.o)
 .ARM.attributes
                0x00000665       0x2d C:/Users/taiko/App/en.st-stm32cubeide_1.17.0_23558_20241125_2245_x86_64.exe/STM32CubeIDE_1.17.0/STM32CubeIDE/plugins/com.st.stm32cube.ide.mcu.externaltools.gnu-tools-for-stm32.13.3.rel1.win32_1.0.0.202411081344/tools/bin/../lib/gcc/arm-none-eabi/13.3.1/../../../../arm-none-eabi/lib/thumb/v7-m/nofp\libc_nano.a(libc_a-memmove.o)
 .ARM.attributes
                0x00000692       0x2d C:/Users/taiko/App/en.st-stm32cubeide_1.17.0_23558_20241125_2245_x86_64.exe/STM32CubeIDE_1.17.0/STM32CubeIDE/plugins/com.st.stm32cube.ide.mcu.externaltools.gnu-tools-for-stm32.13.3.rel1.win32_1.0.0.202411081344/tools/bin/../lib/gcc/arm-none-eabi/13.3.1/../../../../arm-none-eabi/lib/thumb/v7-m/nofp\libc_nano.a(libc_a-sbrkr.o)
 .ARM.attributes
                0x000006bf       0x2d C:/Users/taiko/App/en.st-stm32cubeide_1.17.0_23558_20241125_2245_x86_64.exe/STM32CubeIDE_1.17.0/STM32CubeIDE/plugins/com.st.stm32cube.ide.mcu.externaltools.gnu-tools-for-stm32.13.3.rel1.win32_1.0.0.202411081344/tools/bin/../lib/gcc/arm-none-eabi/13.3.1/../../../../arm-none-eabi/lib/thumb/v7-m/nofp\libc_nano.a(libc_a-memchr-stub.o)
 .ARM.attributes
                0x000006ec       0x2d C:/Users/taiko/App/en.st-stm32cubeide_1.17.0_23558_20241125_2245_x86_64.exe/STM32CubeIDE_1.17.0/STM32CubeIDE/plugins/com.st.stm32cube.ide.mcu.externaltools.gnu-tools-for-stm32.13.3.rel1.win32_1.0.0.202411081344/tools/bin/../lib/gcc/arm-none-eabi/13.3.1/../../../../arm-none-eabi/lib/thumb/v7-m/nofp\libc_nano.a(libc_a-memcpy-stub.o)
 .ARM.attributes
                0x00000719       0x2d C:/Users/taiko/App/en.st-stm32cubeide_1.17.0_23558_20241125_2245_x86_64.exe/STM32CubeIDE_1.17.0/STM32CubeIDE/plugins/com.st.stm32cube.ide.mcu.externaltools.gnu-tools-for-stm32.13.3.rel1.win32_1.0.0.202411081344/tools/bin/../lib/gcc/arm-none-eabi/13.3.1/../../../../arm-none-eabi/lib/thumb/v7-m/nofp\libc_nano.a(libc_a-reallocr.o)
 .ARM.attributes
                0x00000746       0x2d C:/Users/taiko/App/en.st-stm32cubeide_1.17.0_23558_20241125_2245_x86_64.exe/STM32CubeIDE_1.17.0/STM32CubeIDE/plugins/com.st.stm32cube.ide.mcu.externaltools.gnu-tools-for-stm32.13.3.rel1.win32_1.0.0.202411081344/tools/bin/../lib/gcc/arm-none-eabi/13.3.1/../../../../arm-none-eabi/lib/thumb/v7-m/nofp\libc_nano.a(libc_a-msizer.o)
 .ARM.attributes
                0x00000773       0x1d C:/Users/taiko/App/en.st-stm32cubeide_1.17.0_23558_20241125_2245_x86_64.exe/STM32CubeIDE_1.17.0/STM32CubeIDE/plugins/com.st.stm32cube.ide.mcu.externaltools.gnu-tools-for-stm32.13.3.rel1.win32_1.0.0.202411081344/tools/bin/../lib/gcc/arm-none-eabi/13.3.1/thumb/v7-m/nofp/crtn.o
OUTPUT(VXL_VDK_lab5.elf elf32-littlearm)
LOAD linker stubs
LOAD C:/Users/taiko/App/en.st-stm32cubeide_1.17.0_23558_20241125_2245_x86_64.exe/STM32CubeIDE_1.17.0/STM32CubeIDE/plugins/com.st.stm32cube.ide.mcu.externaltools.gnu-tools-for-stm32.13.3.rel1.win32_1.0.0.202411081344/tools/bin/../lib/gcc/arm-none-eabi/13.3.1/../../../../arm-none-eabi/lib/thumb/v7-m/nofp\libc.a
LOAD C:/Users/taiko/App/en.st-stm32cubeide_1.17.0_23558_20241125_2245_x86_64.exe/STM32CubeIDE_1.17.0/STM32CubeIDE/plugins/com.st.stm32cube.ide.mcu.externaltools.gnu-tools-for-stm32.13.3.rel1.win32_1.0.0.202411081344/tools/bin/../lib/gcc/arm-none-eabi/13.3.1/../../../../arm-none-eabi/lib/thumb/v7-m/nofp\libm.a
LOAD C:/Users/taiko/App/en.st-stm32cubeide_1.17.0_23558_20241125_2245_x86_64.exe/STM32CubeIDE_1.17.0/STM32CubeIDE/plugins/com.st.stm32cube.ide.mcu.externaltools.gnu-tools-for-stm32.13.3.rel1.win32_1.0.0.202411081344/tools/bin/../lib/gcc/arm-none-eabi/13.3.1/thumb/v7-m/nofp\libgcc.a

.debug_info     0x00000000     0xeea2
 .debug_info    0x00000000      0x846 ./Core/Src/SCH.o
 .debug_info    0x00000846      0x7b8 ./Core/Src/adc.o
 .debug_info    0x00000ffe      0x27f ./Core/Src/gpio.o
 .debug_info    0x0000127d      0xe95 ./Core/Src/main.o
 .debug_info    0x00002112      0x1f1 ./Core/Src/stm32f1xx_hal_msp.o
 .debug_info    0x00002303      0x94c ./Core/Src/stm32f1xx_it.o
 .debug_info    0x00002c4f      0x168 ./Core/Src/sysmem.o
 .debug_info    0x00002db7      0x222 ./Core/Src/system_stm32f1xx.o
 .debug_info    0x00002fd9      0x99d ./Core/Src/tim.o
 .debug_info    0x00003976      0x95e ./Core/Src/uart_adc.o
 .debug_info    0x000042d4      0x90c ./Core/Src/usart.o
 .debug_info    0x00004be0       0x30 ./Core/Startup/startup_stm32f103c6ux.o
 .debug_info    0x00004c10      0x6e6 ./Drivers/STM32F1xx_HAL_Driver/Src/stm32f1xx_hal.o
 .debug_info    0x000052f6      0xc50 ./Drivers/STM32F1xx_HAL_Driver/Src/stm32f1xx_hal_adc.o
 .debug_info    0x00005f46      0xa69 ./Drivers/STM32F1xx_HAL_Driver/Src/stm32f1xx_hal_cortex.o
 .debug_info    0x000069af      0x6d2 ./Drivers/STM32F1xx_HAL_Driver/Src/stm32f1xx_hal_dma.o
 .debug_info    0x00007081      0x5ab ./Drivers/STM32F1xx_HAL_Driver/Src/stm32f1xx_hal_gpio.o
 .debug_info    0x0000762c      0x7d5 ./Drivers/STM32F1xx_HAL_Driver/Src/stm32f1xx_hal_rcc.o
 .debug_info    0x00007e01      0x3c0 ./Drivers/STM32F1xx_HAL_Driver/Src/stm32f1xx_hal_rcc_ex.o
 .debug_info    0x000081c1     0x2959 ./Drivers/STM32F1xx_HAL_Driver/Src/stm32f1xx_hal_tim.o
 .debug_info    0x0000ab1a     0x149b ./Drivers/STM32F1xx_HAL_Driver/Src/stm32f1xx_hal_tim_ex.o
 .debug_info    0x0000bfb5     0x2eed ./Drivers/STM32F1xx_HAL_Driver/Src/stm32f1xx_hal_uart.o

.debug_abbrev   0x00000000     0x2981
 .debug_abbrev  0x00000000      0x1ff ./Core/Src/SCH.o
 .debug_abbrev  0x000001ff      0x1e1 ./Core/Src/adc.o
 .debug_abbrev  0x000003e0      0x134 ./Core/Src/gpio.o
 .debug_abbrev  0x00000514      0x274 ./Core/Src/main.o
 .debug_abbrev  0x00000788       0xdb ./Core/Src/stm32f1xx_hal_msp.o
 .debug_abbrev  0x00000863      0x19b ./Core/Src/stm32f1xx_it.o
 .debug_abbrev  0x000009fe       0xbc ./Core/Src/sysmem.o
 .debug_abbrev  0x00000aba      0x13f ./Core/Src/system_stm32f1xx.o
 .debug_abbrev  0x00000bf9      0x20e ./Core/Src/tim.o
 .debug_abbrev  0x00000e07      0x232 ./Core/Src/uart_adc.o
 .debug_abbrev  0x00001039      0x205 ./Core/Src/usart.o
 .debug_abbrev  0x0000123e       0x24 ./Core/Startup/startup_stm32f103c6ux.o
 .debug_abbrev  0x00001262      0x201 ./Drivers/STM32F1xx_HAL_Driver/Src/stm32f1xx_hal.o
 .debug_abbrev  0x00001463      0x225 ./Drivers/STM32F1xx_HAL_Driver/Src/stm32f1xx_hal_adc.o
 .debug_abbrev  0x00001688      0x2f8 ./Drivers/STM32F1xx_HAL_Driver/Src/stm32f1xx_hal_cortex.o
 .debug_abbrev  0x00001980      0x20b ./Drivers/STM32F1xx_HAL_Driver/Src/stm32f1xx_hal_dma.o
 .debug_abbrev  0x00001b8b      0x1ca ./Drivers/STM32F1xx_HAL_Driver/Src/stm32f1xx_hal_gpio.o
 .debug_abbrev  0x00001d55      0x2b3 ./Drivers/STM32F1xx_HAL_Driver/Src/stm32f1xx_hal_rcc.o
 .debug_abbrev  0x00002008      0x188 ./Drivers/STM32F1xx_HAL_Driver/Src/stm32f1xx_hal_rcc_ex.o
 .debug_abbrev  0x00002190      0x277 ./Drivers/STM32F1xx_HAL_Driver/Src/stm32f1xx_hal_tim.o
 .debug_abbrev  0x00002407      0x282 ./Drivers/STM32F1xx_HAL_Driver/Src/stm32f1xx_hal_tim_ex.o
 .debug_abbrev  0x00002689      0x2f8 ./Drivers/STM32F1xx_HAL_Driver/Src/stm32f1xx_hal_uart.o

.debug_aranges  0x00000000      0xe10
 .debug_aranges
                0x00000000       0x48 ./Core/Src/SCH.o
 .debug_aranges
                0x00000048       0x30 ./Core/Src/adc.o
 .debug_aranges
                0x00000078       0x20 ./Core/Src/gpio.o
 .debug_aranges
                0x00000098       0x38 ./Core/Src/main.o
 .debug_aranges
                0x000000d0       0x20 ./Core/Src/stm32f1xx_hal_msp.o
 .debug_aranges
                0x000000f0       0x70 ./Core/Src/stm32f1xx_it.o
 .debug_aranges
                0x00000160       0x20 ./Core/Src/sysmem.o
 .debug_aranges
                0x00000180       0x28 ./Core/Src/system_stm32f1xx.o
 .debug_aranges
                0x000001a8       0x30 ./Core/Src/tim.o
 .debug_aranges
                0x000001d8       0x38 ./Core/Src/uart_adc.o
 .debug_aranges
                0x00000210       0x30 ./Core/Src/usart.o
 .debug_aranges
                0x00000240       0x28 ./Core/Startup/startup_stm32f103c6ux.o
 .debug_aranges
                0x00000268       0xe0 ./Drivers/STM32F1xx_HAL_Driver/Src/stm32f1xx_hal.o
 .debug_aranges
                0x00000348       0xf0 ./Drivers/STM32F1xx_HAL_Driver/Src/stm32f1xx_hal_adc.o
 .debug_aranges
                0x00000438      0x100 ./Drivers/STM32F1xx_HAL_Driver/Src/stm32f1xx_hal_cortex.o
 .debug_aranges
                0x00000538       0x80 ./Drivers/STM32F1xx_HAL_Driver/Src/stm32f1xx_hal_dma.o
 .debug_aranges
                0x000005b8       0x58 ./Drivers/STM32F1xx_HAL_Driver/Src/stm32f1xx_hal_gpio.o
 .debug_aranges
                0x00000610       0x90 ./Drivers/STM32F1xx_HAL_Driver/Src/stm32f1xx_hal_rcc.o
 .debug_aranges
                0x000006a0       0x30 ./Drivers/STM32F1xx_HAL_Driver/Src/stm32f1xx_hal_rcc_ex.o
 .debug_aranges
                0x000006d0      0x3d0 ./Drivers/STM32F1xx_HAL_Driver/Src/stm32f1xx_hal_tim.o
 .debug_aranges
                0x00000aa0      0x168 ./Drivers/STM32F1xx_HAL_Driver/Src/stm32f1xx_hal_tim_ex.o
 .debug_aranges
                0x00000c08      0x208 ./Drivers/STM32F1xx_HAL_Driver/Src/stm32f1xx_hal_uart.o

.debug_rnglists
                0x00000000      0xae2
 .debug_rnglists
                0x00000000       0x35 ./Core/Src/SCH.o
 .debug_rnglists
                0x00000035       0x1f ./Core/Src/adc.o
 .debug_rnglists
                0x00000054       0x13 ./Core/Src/gpio.o
 .debug_rnglists
                0x00000067       0x27 ./Core/Src/main.o
 .debug_rnglists
                0x0000008e       0x13 ./Core/Src/stm32f1xx_hal_msp.o
 .debug_rnglists
                0x000000a1       0x4f ./Core/Src/stm32f1xx_it.o
 .debug_rnglists
                0x000000f0       0x13 ./Core/Src/sysmem.o
 .debug_rnglists
                0x00000103       0x1a ./Core/Src/system_stm32f1xx.o
 .debug_rnglists
                0x0000011d       0x20 ./Core/Src/tim.o
 .debug_rnglists
                0x0000013d       0x27 ./Core/Src/uart_adc.o
 .debug_rnglists
                0x00000164       0x20 ./Core/Src/usart.o
 .debug_rnglists
                0x00000184       0x19 ./Core/Startup/startup_stm32f103c6ux.o
 .debug_rnglists
                0x0000019d       0xa3 ./Drivers/STM32F1xx_HAL_Driver/Src/stm32f1xx_hal.o
 .debug_rnglists
                0x00000240       0xbc ./Drivers/STM32F1xx_HAL_Driver/Src/stm32f1xx_hal_adc.o
 .debug_rnglists
                0x000002fc       0xbb ./Drivers/STM32F1xx_HAL_Driver/Src/stm32f1xx_hal_cortex.o
 .debug_rnglists
                0x000003b7       0x64 ./Drivers/STM32F1xx_HAL_Driver/Src/stm32f1xx_hal_dma.o
 .debug_rnglists
                0x0000041b       0x3f ./Drivers/STM32F1xx_HAL_Driver/Src/stm32f1xx_hal_gpio.o
 .debug_rnglists
                0x0000045a       0x6c ./Drivers/STM32F1xx_HAL_Driver/Src/stm32f1xx_hal_rcc.o
 .debug_rnglists
                0x000004c6       0x21 ./Drivers/STM32F1xx_HAL_Driver/Src/stm32f1xx_hal_rcc_ex.o
 .debug_rnglists
                0x000004e7      0x31a ./Drivers/STM32F1xx_HAL_Driver/Src/stm32f1xx_hal_tim.o
 .debug_rnglists
                0x00000801      0x125 ./Drivers/STM32F1xx_HAL_Driver/Src/stm32f1xx_hal_tim_ex.o
 .debug_rnglists
                0x00000926      0x1bc ./Drivers/STM32F1xx_HAL_Driver/Src/stm32f1xx_hal_uart.o

.debug_macro    0x00000000    0x18388
 .debug_macro   0x00000000      0x1d4 ./Core/Src/SCH.o
 .debug_macro   0x000001d4      0xacc ./Core/Src/SCH.o
 .debug_macro   0x00000ca0      0x221 ./Core/Src/SCH.o
 .debug_macro   0x00000ec1       0x2e ./Core/Src/SCH.o
 .debug_macro   0x00000eef       0x22 ./Core/Src/SCH.o
 .debug_macro   0x00000f11       0x22 ./Core/Src/SCH.o
 .debug_macro   0x00000f33       0x8e ./Core/Src/SCH.o
 .debug_macro   0x00000fc1       0x51 ./Core/Src/SCH.o
 .debug_macro   0x00001012      0x103 ./Core/Src/SCH.o
 .debug_macro   0x00001115       0x6a ./Core/Src/SCH.o
 .debug_macro   0x0000117f      0x1df ./Core/Src/SCH.o
 .debug_macro   0x0000135e       0x1c ./Core/Src/SCH.o
 .debug_macro   0x0000137a       0x22 ./Core/Src/SCH.o
 .debug_macro   0x0000139c       0xbd ./Core/Src/SCH.o
 .debug_macro   0x00001459      0xd23 ./Core/Src/SCH.o
 .debug_macro   0x0000217c     0xde75 ./Core/Src/SCH.o
 .debug_macro   0x0000fff1       0x6d ./Core/Src/SCH.o
 .debug_macro   0x0001005e     0x34a2 ./Core/Src/SCH.o
 .debug_macro   0x00013500      0x190 ./Core/Src/SCH.o
 .debug_macro   0x00013690       0x5c ./Core/Src/SCH.o
 .debug_macro   0x000136ec      0x5bc ./Core/Src/SCH.o
 .debug_macro   0x00013ca8      0x1b7 ./Core/Src/SCH.o
 .debug_macro   0x00013e5f      0x1cb ./Core/Src/SCH.o
 .debug_macro   0x0001402a      0x114 ./Core/Src/SCH.o
 .debug_macro   0x0001413e      0x1b2 ./Core/Src/SCH.o
 .debug_macro   0x000142f0       0x27 ./Core/Src/SCH.o
 .debug_macro   0x00014317      0x12f ./Core/Src/SCH.o
 .debug_macro   0x00014446      0x1bc ./Core/Src/SCH.o
 .debug_macro   0x00014602       0x34 ./Core/Src/SCH.o
 .debug_macro   0x00014636       0x3c ./Core/Src/SCH.o
 .debug_macro   0x00014672       0x57 ./Core/Src/SCH.o
 .debug_macro   0x000146c9      0x46a ./Core/Src/SCH.o
 .debug_macro   0x00014b33      0x1b5 ./Core/Src/SCH.o
 .debug_macro   0x00014ce8       0x87 ./Core/Src/SCH.o
 .debug_macro   0x00014d6f      0x183 ./Core/Src/SCH.o
 .debug_macro   0x00014ef2      0x140 ./Core/Src/SCH.o
 .debug_macro   0x00015032      0x8ed ./Core/Src/SCH.o
 .debug_macro   0x0001591f      0x28e ./Core/Src/SCH.o
 .debug_macro   0x00015bad       0x69 ./Core/Src/SCH.o
 .debug_macro   0x00015c16       0x10 ./Core/Src/SCH.o
 .debug_macro   0x00015c26      0x1ce ./Core/Src/adc.o
 .debug_macro   0x00015df4      0x1ce ./Core/Src/gpio.o
 .debug_macro   0x00015fc2      0x215 ./Core/Src/main.o
 .debug_macro   0x000161d7       0x10 ./Core/Src/main.o
 .debug_macro   0x000161e7      0x1c4 ./Core/Src/stm32f1xx_hal_msp.o
 .debug_macro   0x000163ab      0x1ce ./Core/Src/stm32f1xx_it.o
 .debug_macro   0x00016579      0x112 ./Core/Src/sysmem.o
 .debug_macro   0x0001668b      0x23c ./Core/Src/sysmem.o
 .debug_macro   0x000168c7      0x1b5 ./Core/Src/system_stm32f1xx.o
 .debug_macro   0x00016a7c      0x1ce ./Core/Src/tim.o
 .debug_macro   0x00016c4a      0x311 ./Core/Src/uart_adc.o
 .debug_macro   0x00016f5b       0x61 ./Core/Src/uart_adc.o
 .debug_macro   0x00016fbc       0x16 ./Core/Src/uart_adc.o
 .debug_macro   0x00016fd2       0x16 ./Core/Src/uart_adc.o
 .debug_macro   0x00016fe8      0x1ce ./Core/Src/usart.o
 .debug_macro   0x000171b6      0x1d9 ./Drivers/STM32F1xx_HAL_Driver/Src/stm32f1xx_hal.o
 .debug_macro   0x0001738f      0x1d2 ./Drivers/STM32F1xx_HAL_Driver/Src/stm32f1xx_hal_adc.o
 .debug_macro   0x00017561      0x1b5 ./Drivers/STM32F1xx_HAL_Driver/Src/stm32f1xx_hal_cortex.o
 .debug_macro   0x00017716      0x1b5 ./Drivers/STM32F1xx_HAL_Driver/Src/stm32f1xx_hal_dma.o
 .debug_macro   0x000178cb      0x220 ./Drivers/STM32F1xx_HAL_Driver/Src/stm32f1xx_hal_gpio.o
 .debug_macro   0x00017aeb      0x1c7 ./Drivers/STM32F1xx_HAL_Driver/Src/stm32f1xx_hal_rcc.o
 .debug_macro   0x00017cb2      0x1b5 ./Drivers/STM32F1xx_HAL_Driver/Src/stm32f1xx_hal_rcc_ex.o
 .debug_macro   0x00017e67      0x1b6 ./Drivers/STM32F1xx_HAL_Driver/Src/stm32f1xx_hal_tim.o
 .debug_macro   0x0001801d      0x1b5 ./Drivers/STM32F1xx_HAL_Driver/Src/stm32f1xx_hal_tim_ex.o
 .debug_macro   0x000181d2      0x1b6 ./Drivers/STM32F1xx_HAL_Driver/Src/stm32f1xx_hal_uart.o

.debug_line     0x00000000    0x13e53
 .debug_line    0x00000000      0xb5e ./Core/Src/SCH.o
 .debug_line    0x00000b5e      0x925 ./Core/Src/adc.o
 .debug_line    0x00001483      0x8ba ./Core/Src/gpio.o
 .debug_line    0x00001d3d      0x996 ./Core/Src/main.o
 .debug_line    0x000026d3      0x8ae ./Core/Src/stm32f1xx_hal_msp.o
 .debug_line    0x00002f81      0x98c ./Core/Src/stm32f1xx_it.o
 .debug_line    0x0000390d      0x74b ./Core/Src/sysmem.o
 .debug_line    0x00004058      0x92c ./Core/Src/system_stm32f1xx.o
 .debug_line    0x00004984      0x927 ./Core/Src/tim.o
 .debug_line    0x000052ab      0xbb1 ./Core/Src/uart_adc.o
 .debug_line    0x00005e5c      0x924 ./Core/Src/usart.o
 .debug_line    0x00006780       0x78 ./Core/Startup/startup_stm32f103c6ux.o
 .debug_line    0x000067f8      0xb5d ./Drivers/STM32F1xx_HAL_Driver/Src/stm32f1xx_hal.o
 .debug_line    0x00007355     0x1182 ./Drivers/STM32F1xx_HAL_Driver/Src/stm32f1xx_hal_adc.o
 .debug_line    0x000084d7      0xd27 ./Drivers/STM32F1xx_HAL_Driver/Src/stm32f1xx_hal_cortex.o
 .debug_line    0x000091fe      0xf67 ./Drivers/STM32F1xx_HAL_Driver/Src/stm32f1xx_hal_dma.o
 .debug_line    0x0000a165      0xba5 ./Drivers/STM32F1xx_HAL_Driver/Src/stm32f1xx_hal_gpio.o
 .debug_line    0x0000ad0a     0x1016 ./Drivers/STM32F1xx_HAL_Driver/Src/stm32f1xx_hal_rcc.o
 .debug_line    0x0000bd20      0xac7 ./Drivers/STM32F1xx_HAL_Driver/Src/stm32f1xx_hal_rcc_ex.o
 .debug_line    0x0000c7e7     0x3602 ./Drivers/STM32F1xx_HAL_Driver/Src/stm32f1xx_hal_tim.o
 .debug_line    0x0000fde9     0x19f1 ./Drivers/STM32F1xx_HAL_Driver/Src/stm32f1xx_hal_tim_ex.o
 .debug_line    0x000117da     0x2679 ./Drivers/STM32F1xx_HAL_Driver/Src/stm32f1xx_hal_uart.o

.debug_str      0x00000000    0x8d495
 .debug_str     0x00000000    0x8d495 ./Core/Src/SCH.o
                              0x86370 (size before relaxing)
 .debug_str     0x0008d495    0x86236 ./Core/Src/adc.o
 .debug_str     0x0008d495    0x85e91 ./Core/Src/gpio.o
 .debug_str     0x0008d495    0x8695f ./Core/Src/main.o
 .debug_str     0x0008d495    0x85e19 ./Core/Src/stm32f1xx_hal_msp.o
 .debug_str     0x0008d495    0x8656f ./Core/Src/stm32f1xx_it.o
 .debug_str     0x0008d495     0x7728 ./Core/Src/sysmem.o
 .debug_str     0x0008d495    0x85e15 ./Core/Src/system_stm32f1xx.o
 .debug_str     0x0008d495    0x86700 ./Core/Src/tim.o
 .debug_str     0x0008d495    0x89ca2 ./Core/Src/uart_adc.o
 .debug_str     0x0008d495    0x865ba ./Core/Src/usart.o
 .debug_str     0x0008d495       0x82 ./Core/Startup/startup_stm32f103c6ux.o
 .debug_str     0x0008d495    0x8650e ./Drivers/STM32F1xx_HAL_Driver/Src/stm32f1xx_hal.o
 .debug_str     0x0008d495    0x864f9 ./Drivers/STM32F1xx_HAL_Driver/Src/stm32f1xx_hal_adc.o
 .debug_str     0x0008d495    0x8645a ./Drivers/STM32F1xx_HAL_Driver/Src/stm32f1xx_hal_cortex.o
 .debug_str     0x0008d495    0x861be ./Drivers/STM32F1xx_HAL_Driver/Src/stm32f1xx_hal_dma.o
 .debug_str     0x0008d495    0x8619b ./Drivers/STM32F1xx_HAL_Driver/Src/stm32f1xx_hal_gpio.o
 .debug_str     0x0008d495    0x86244 ./Drivers/STM32F1xx_HAL_Driver/Src/stm32f1xx_hal_rcc.o
 .debug_str     0x0008d495    0x85f94 ./Drivers/STM32F1xx_HAL_Driver/Src/stm32f1xx_hal_rcc_ex.o
 .debug_str     0x0008d495    0x87246 ./Drivers/STM32F1xx_HAL_Driver/Src/stm32f1xx_hal_tim.o
 .debug_str     0x0008d495    0x86a52 ./Drivers/STM32F1xx_HAL_Driver/Src/stm32f1xx_hal_tim_ex.o
 .debug_str     0x0008d495    0x868b5 ./Drivers/STM32F1xx_HAL_Driver/Src/stm32f1xx_hal_uart.o

.comment        0x00000000       0x43
 .comment       0x00000000       0x43 ./Core/Src/SCH.o
                                 0x44 (size before relaxing)
 .comment       0x00000043       0x44 ./Core/Src/adc.o
 .comment       0x00000043       0x44 ./Core/Src/gpio.o
 .comment       0x00000043       0x44 ./Core/Src/main.o
 .comment       0x00000043       0x44 ./Core/Src/stm32f1xx_hal_msp.o
 .comment       0x00000043       0x44 ./Core/Src/stm32f1xx_it.o
 .comment       0x00000043       0x44 ./Core/Src/sysmem.o
 .comment       0x00000043       0x44 ./Core/Src/system_stm32f1xx.o
 .comment       0x00000043       0x44 ./Core/Src/tim.o
 .comment       0x00000043       0x44 ./Core/Src/uart_adc.o
 .comment       0x00000043       0x44 ./Core/Src/usart.o
 .comment       0x00000043       0x44 ./Drivers/STM32F1xx_HAL_Driver/Src/stm32f1xx_hal.o
 .comment       0x00000043       0x44 ./Drivers/STM32F1xx_HAL_Driver/Src/stm32f1xx_hal_adc.o
 .comment       0x00000043       0x44 ./Drivers/STM32F1xx_HAL_Driver/Src/stm32f1xx_hal_cortex.o
 .comment       0x00000043       0x44 ./Drivers/STM32F1xx_HAL_Driver/Src/stm32f1xx_hal_dma.o
 .comment       0x00000043       0x44 ./Drivers/STM32F1xx_HAL_Driver/Src/stm32f1xx_hal_gpio.o
 .comment       0x00000043       0x44 ./Drivers/STM32F1xx_HAL_Driver/Src/stm32f1xx_hal_rcc.o
 .comment       0x00000043       0x44 ./Drivers/STM32F1xx_HAL_Driver/Src/stm32f1xx_hal_rcc_ex.o
 .comment       0x00000043       0x44 ./Drivers/STM32F1xx_HAL_Driver/Src/stm32f1xx_hal_tim.o
 .comment       0x00000043       0x44 ./Drivers/STM32F1xx_HAL_Driver/Src/stm32f1xx_hal_tim_ex.o
 .comment       0x00000043       0x44 ./Drivers/STM32F1xx_HAL_Driver/Src/stm32f1xx_hal_uart.o

.debug_frame    0x00000000     0x3dec
 .debug_frame   0x00000000       0xfc ./Core/Src/SCH.o
 .debug_frame   0x000000fc       0x7c ./Core/Src/adc.o
 .debug_frame   0x00000178       0x34 ./Core/Src/gpio.o
 .debug_frame   0x000001ac       0x84 ./Core/Src/main.o
 .debug_frame   0x00000230       0x38 ./Core/Src/stm32f1xx_hal_msp.o
 .debug_frame   0x00000268      0x13c ./Core/Src/stm32f1xx_it.o
 .debug_frame   0x000003a4       0x34 ./Core/Src/sysmem.o
 .debug_frame   0x000003d8       0x58 ./Core/Src/system_stm32f1xx.o
 .debug_frame   0x00000430       0x7c ./Core/Src/tim.o
 .debug_frame   0x000004ac       0x94 ./Core/Src/uart_adc.o
 .debug_frame   0x00000540       0x74 ./Core/Src/usart.o
 .debug_frame   0x000005b4      0x334 ./Drivers/STM32F1xx_HAL_Driver/Src/stm32f1xx_hal.o
 .debug_frame   0x000008e8      0x40c ./Drivers/STM32F1xx_HAL_Driver/Src/stm32f1xx_hal_adc.o
 .debug_frame   0x00000cf4      0x428 ./Drivers/STM32F1xx_HAL_Driver/Src/stm32f1xx_hal_cortex.o
 .debug_frame   0x0000111c      0x208 ./Drivers/STM32F1xx_HAL_Driver/Src/stm32f1xx_hal_dma.o
 .debug_frame   0x00001324      0x14c ./Drivers/STM32F1xx_HAL_Driver/Src/stm32f1xx_hal_gpio.o
 .debug_frame   0x00001470      0x218 ./Drivers/STM32F1xx_HAL_Driver/Src/stm32f1xx_hal_rcc.o
 .debug_frame   0x00001688       0x80 ./Drivers/STM32F1xx_HAL_Driver/Src/stm32f1xx_hal_rcc_ex.o
 .debug_frame   0x00001708     0x11b4 ./Drivers/STM32F1xx_HAL_Driver/Src/stm32f1xx_hal_tim.o
 .debug_frame   0x000028bc      0x638 ./Drivers/STM32F1xx_HAL_Driver/Src/stm32f1xx_hal_tim_ex.o
 .debug_frame   0x00002ef4      0x944 ./Drivers/STM32F1xx_HAL_Driver/Src/stm32f1xx_hal_uart.o
 .debug_frame   0x00003838      0x144 C:/Users/taiko/App/en.st-stm32cubeide_1.17.0_23558_20241125_2245_x86_64.exe/STM32CubeIDE_1.17.0/STM32CubeIDE/plugins/com.st.stm32cube.ide.mcu.externaltools.gnu-tools-for-stm32.13.3.rel1.win32_1.0.0.202411081344/tools/bin/../lib/gcc/arm-none-eabi/13.3.1/../../../../arm-none-eabi/lib/thumb/v7-m/nofp\libc_nano.a(libc_a-findfp.o)
 .debug_frame   0x0000397c       0x74 C:/Users/taiko/App/en.st-stm32cubeide_1.17.0_23558_20241125_2245_x86_64.exe/STM32CubeIDE_1.17.0/STM32CubeIDE/plugins/com.st.stm32cube.ide.mcu.externaltools.gnu-tools-for-stm32.13.3.rel1.win32_1.0.0.202411081344/tools/bin/../lib/gcc/arm-none-eabi/13.3.1/../../../../arm-none-eabi/lib/thumb/v7-m/nofp\libc_nano.a(libc_a-sprintf.o)
 .debug_frame   0x000039f0       0x20 C:/Users/taiko/App/en.st-stm32cubeide_1.17.0_23558_20241125_2245_x86_64.exe/STM32CubeIDE_1.17.0/STM32CubeIDE/plugins/com.st.stm32cube.ide.mcu.externaltools.gnu-tools-for-stm32.13.3.rel1.win32_1.0.0.202411081344/tools/bin/../lib/gcc/arm-none-eabi/13.3.1/../../../../arm-none-eabi/lib/thumb/v7-m/nofp\libc_nano.a(libc_a-memset.o)
 .debug_frame   0x00003a10       0x38 C:/Users/taiko/App/en.st-stm32cubeide_1.17.0_23558_20241125_2245_x86_64.exe/STM32CubeIDE_1.17.0/STM32CubeIDE/plugins/com.st.stm32cube.ide.mcu.externaltools.gnu-tools-for-stm32.13.3.rel1.win32_1.0.0.202411081344/tools/bin/../lib/gcc/arm-none-eabi/13.3.1/../../../../arm-none-eabi/lib/thumb/v7-m/nofp\libc_nano.a(libc_a-reent.o)
 .debug_frame   0x00003a48       0x20 C:/Users/taiko/App/en.st-stm32cubeide_1.17.0_23558_20241125_2245_x86_64.exe/STM32CubeIDE_1.17.0/STM32CubeIDE/plugins/com.st.stm32cube.ide.mcu.externaltools.gnu-tools-for-stm32.13.3.rel1.win32_1.0.0.202411081344/tools/bin/../lib/gcc/arm-none-eabi/13.3.1/../../../../arm-none-eabi/lib/thumb/v7-m/nofp\libc_nano.a(libc_a-errno.o)
 .debug_frame   0x00003a68       0x2c C:/Users/taiko/App/en.st-stm32cubeide_1.17.0_23558_20241125_2245_x86_64.exe/STM32CubeIDE_1.17.0/STM32CubeIDE/plugins/com.st.stm32cube.ide.mcu.externaltools.gnu-tools-for-stm32.13.3.rel1.win32_1.0.0.202411081344/tools/bin/../lib/gcc/arm-none-eabi/13.3.1/../../../../arm-none-eabi/lib/thumb/v7-m/nofp\libc_nano.a(libc_a-init.o)
 .debug_frame   0x00003a94       0xb0 C:/Users/taiko/App/en.st-stm32cubeide_1.17.0_23558_20241125_2245_x86_64.exe/STM32CubeIDE_1.17.0/STM32CubeIDE/plugins/com.st.stm32cube.ide.mcu.externaltools.gnu-tools-for-stm32.13.3.rel1.win32_1.0.0.202411081344/tools/bin/../lib/gcc/arm-none-eabi/13.3.1/../../../../arm-none-eabi/lib/thumb/v7-m/nofp\libc_nano.a(libc_a-lock.o)
 .debug_frame   0x00003b44       0x38 C:/Users/taiko/App/en.st-stm32cubeide_1.17.0_23558_20241125_2245_x86_64.exe/STM32CubeIDE_1.17.0/STM32CubeIDE/plugins/com.st.stm32cube.ide.mcu.externaltools.gnu-tools-for-stm32.13.3.rel1.win32_1.0.0.202411081344/tools/bin/../lib/gcc/arm-none-eabi/13.3.1/../../../../arm-none-eabi/lib/thumb/v7-m/nofp\libc_nano.a(libc_a-freer.o)
 .debug_frame   0x00003b7c       0x50 C:/Users/taiko/App/en.st-stm32cubeide_1.17.0_23558_20241125_2245_x86_64.exe/STM32CubeIDE_1.17.0/STM32CubeIDE/plugins/com.st.stm32cube.ide.mcu.externaltools.gnu-tools-for-stm32.13.3.rel1.win32_1.0.0.202411081344/tools/bin/../lib/gcc/arm-none-eabi/13.3.1/../../../../arm-none-eabi/lib/thumb/v7-m/nofp\libc_nano.a(libc_a-mallocr.o)
 .debug_frame   0x00003bcc       0x30 C:/Users/taiko/App/en.st-stm32cubeide_1.17.0_23558_20241125_2245_x86_64.exe/STM32CubeIDE_1.17.0/STM32CubeIDE/plugins/com.st.stm32cube.ide.mcu.externaltools.gnu-tools-for-stm32.13.3.rel1.win32_1.0.0.202411081344/tools/bin/../lib/gcc/arm-none-eabi/13.3.1/../../../../arm-none-eabi/lib/thumb/v7-m/nofp\libc_nano.a(libc_a-mlock.o)
 .debug_frame   0x00003bfc       0x90 C:/Users/taiko/App/en.st-stm32cubeide_1.17.0_23558_20241125_2245_x86_64.exe/STM32CubeIDE_1.17.0/STM32CubeIDE/plugins/com.st.stm32cube.ide.mcu.externaltools.gnu-tools-for-stm32.13.3.rel1.win32_1.0.0.202411081344/tools/bin/../lib/gcc/arm-none-eabi/13.3.1/../../../../arm-none-eabi/lib/thumb/v7-m/nofp\libc_nano.a(libc_a-nano-svfprintf.o)
 .debug_frame   0x00003c8c       0x60 C:/Users/taiko/App/en.st-stm32cubeide_1.17.0_23558_20241125_2245_x86_64.exe/STM32CubeIDE_1.17.0/STM32CubeIDE/plugins/com.st.stm32cube.ide.mcu.externaltools.gnu-tools-for-stm32.13.3.rel1.win32_1.0.0.202411081344/tools/bin/../lib/gcc/arm-none-eabi/13.3.1/../../../../arm-none-eabi/lib/thumb/v7-m/nofp\libc_nano.a(libc_a-nano-vfprintf_i.o)
 .debug_frame   0x00003cec       0x28 C:/Users/taiko/App/en.st-stm32cubeide_1.17.0_23558_20241125_2245_x86_64.exe/STM32CubeIDE_1.17.0/STM32CubeIDE/plugins/com.st.stm32cube.ide.mcu.externaltools.gnu-tools-for-stm32.13.3.rel1.win32_1.0.0.202411081344/tools/bin/../lib/gcc/arm-none-eabi/13.3.1/../../../../arm-none-eabi/lib/thumb/v7-m/nofp\libc_nano.a(libc_a-memmove.o)
 .debug_frame   0x00003d14       0x2c C:/Users/taiko/App/en.st-stm32cubeide_1.17.0_23558_20241125_2245_x86_64.exe/STM32CubeIDE_1.17.0/STM32CubeIDE/plugins/com.st.stm32cube.ide.mcu.externaltools.gnu-tools-for-stm32.13.3.rel1.win32_1.0.0.202411081344/tools/bin/../lib/gcc/arm-none-eabi/13.3.1/../../../../arm-none-eabi/lib/thumb/v7-m/nofp\libc_nano.a(libc_a-sbrkr.o)
 .debug_frame   0x00003d40       0x28 C:/Users/taiko/App/en.st-stm32cubeide_1.17.0_23558_20241125_2245_x86_64.exe/STM32CubeIDE_1.17.0/STM32CubeIDE/plugins/com.st.stm32cube.ide.mcu.externaltools.gnu-tools-for-stm32.13.3.rel1.win32_1.0.0.202411081344/tools/bin/../lib/gcc/arm-none-eabi/13.3.1/../../../../arm-none-eabi/lib/thumb/v7-m/nofp\libc_nano.a(libc_a-memchr-stub.o)
 .debug_frame   0x00003d68       0x28 C:/Users/taiko/App/en.st-stm32cubeide_1.17.0_23558_20241125_2245_x86_64.exe/STM32CubeIDE_1.17.0/STM32CubeIDE/plugins/com.st.stm32cube.ide.mcu.externaltools.gnu-tools-for-stm32.13.3.rel1.win32_1.0.0.202411081344/tools/bin/../lib/gcc/arm-none-eabi/13.3.1/../../../../arm-none-eabi/lib/thumb/v7-m/nofp\libc_nano.a(libc_a-memcpy-stub.o)
 .debug_frame   0x00003d90       0x3c C:/Users/taiko/App/en.st-stm32cubeide_1.17.0_23558_20241125_2245_x86_64.exe/STM32CubeIDE_1.17.0/STM32CubeIDE/plugins/com.st.stm32cube.ide.mcu.externaltools.gnu-tools-for-stm32.13.3.rel1.win32_1.0.0.202411081344/tools/bin/../lib/gcc/arm-none-eabi/13.3.1/../../../../arm-none-eabi/lib/thumb/v7-m/nofp\libc_nano.a(libc_a-reallocr.o)
 .debug_frame   0x00003dcc       0x20 C:/Users/taiko/App/en.st-stm32cubeide_1.17.0_23558_20241125_2245_x86_64.exe/STM32CubeIDE_1.17.0/STM32CubeIDE/plugins/com.st.stm32cube.ide.mcu.externaltools.gnu-tools-for-stm32.13.3.rel1.win32_1.0.0.202411081344/tools/bin/../lib/gcc/arm-none-eabi/13.3.1/../../../../arm-none-eabi/lib/thumb/v7-m/nofp\libc_nano.a(libc_a-msizer.o)

.debug_line_str
                0x00000000       0x66
 .debug_line_str
                0x00000000       0x66 ./Core/Startup/startup_stm32f103c6ux.o
